../Core/Src/main.c:180:6:MIT_Controller_Update	48	static
../Core/Src/main.c:232:6:Kalman_Init	24	static
../Core/Src/main.c:244:6:Kalman_Predict_Update	64	static
../Core/Src/main.c:281:10:micros	12	static
../Core/Src/main.c:286:6:QEIEncoderPosVel_Update	32	static
../Core/Src/main.c:369:6:timer_callback	24	static
../Core/Src/main.c:381:6:timer_callback1	24	static
../Core/Src/main.c:403:6:reference_subscription_callback	24	static
../Core/Src/main.c:409:6:gain_subscription_callback	24	static
../Core/Src/main.c:415:6:rl_action_subscription_callback	24	static
../Core/Src/main.c:422:6:StartDefaultTask	224	static
../Core/Src/main.c:568:5:main	8	static
../Core/Src/main.c:634:6:SystemClock_Config	88	static
../Core/Src/main.c:688:6:HAL_TIM_PeriodElapsedCallback	24	static
../Core/Src/main.c:711:6:Error_Handler	4	static,ignoring_inline_asm
