../Core/Src/main.c:180:6:MIT_Controller_Update	5
../Core/Src/main.c:232:6:Kalman_Init	1
../Core/Src/main.c:244:6:Kalman_Predict_Update	2
../Core/Src/main.c:281:10:micros	1
../Core/Src/main.c:286:6:QEIEncoderPosVel_Update	4
../Core/Src/main.c:369:6:timer_callback	1
../Core/Src/main.c:381:6:timer_callback1	1
../Core/Src/main.c:403:6:reference_subscription_callback	1
../Core/Src/main.c:409:6:gain_subscription_callback	1
../Core/Src/main.c:415:6:rl_action_subscription_callback	1
../Core/Src/main.c:422:6:StartDefaultTask	5
../Core/Src/main.c:568:5:main	1
../Core/Src/main.c:634:6:SystemClock_Config	3
../Core/Src/main.c:688:6:HAL_TIM_PeriodElapsedCallback	3
../Core/Src/main.c:711:6:Error_Handler	1
