2025-12-09 14:34:20,324 [INFO] Activator:176 - 


2025-12-09 14:34:20,342 [INFO] Activator:177 - !SESSION log4j initialized
2025-12-09 14:34:32,788 [INFO] LogOutputStream:77 - [STDOUT_REDIRECT] 
2025-12-09 14:34:39,229 [INFO] ApplicationProperties:184 - Using Application install path: /opt/st/stm32cubeide_1.19.0/plugins/com.st.stm32cube.common.mx_6.15.0.202507011659
2025-12-09 14:34:39,304 [INFO] DbMcusXml:78 - Set database path to: /opt/st/stm32cubeide_1.19.0/plugins/com.st.stm32cube.common.mx_6.15.0.202507011659//db//mcu/
2025-12-09 14:34:39,304 [INFO] ApiDb:274 - Set plugin database path to: /opt/st/stm32cubeide_1.19.0/plugins/com.st.stm32cube.common.mx_6.15.0.202507011659//db//plugins/boardmanager/
2025-12-09 14:34:39,304 [WARN] ApiDb:259 - Overriding images path with different value:  => /opt/st/stm32cubeide_1.19.0/plugins/com.st.stm32cube.common.mx_6.15.0.202507011659//db//plugins/mcufinder/images/
2025-12-09 14:34:39,527 [INFO] ApiDb:250 - Set database path to: /home/natthanicha/.stmcufinder/plugins/mcufinder//mcu/
2025-12-09 14:34:39,546 [INFO] DbMcusAds:125 - Set database path to: /home/natthanicha/.stmcufinder/plugins/mcufinder//mcu/
2025-12-09 14:34:39,549 [INFO] CrossReferenceDbSqlite:203 - Set database path to: /home/natthanicha/.stmcufinder/plugins/mcufinder//mcu/cs/
2025-12-09 14:34:39,746 [INFO] RulesReader:64 - Compatibility file has been processed (317 Rules)
2025-12-09 14:34:39,979 [INFO] DbMcusXml:78 - Set database path to: /opt/st/stm32cubeide_1.19.0/plugins/com.st.stm32cube.common.mx_6.15.0.202507011659//db//mcu/
2025-12-09 14:34:39,979 [INFO] ApiDb:274 - Set plugin database path to: /opt/st/stm32cubeide_1.19.0/plugins/com.st.stm32cube.common.mx_6.15.0.202507011659//db//plugins/boardmanager/
2025-12-09 14:34:39,979 [INFO] ApiDb:261 - Set plugin images path to: /opt/st/stm32cubeide_1.19.0/plugins/com.st.stm32cube.common.mx_6.15.0.202507011659//db//plugins/mcufinder/images/
2025-12-09 14:34:39,980 [WARN] DbFile:41 - Overriding database path with different value: /home/natthanicha/.stmcufinder/plugins/mcufinder/ => /home/natthanicha/.stmcufinder/plugins/mcufinder
2025-12-09 14:34:39,980 [INFO] ApiDb:250 - Set database path to: /home/natthanicha/.stmcufinder/plugins/mcufinder//mcu/
2025-12-09 14:34:39,980 [WARN] DbFile:41 - Overriding database path with different value: /home/natthanicha/.stmcufinder/plugins/mcufinder/ => /home/natthanicha/.stmcufinder/plugins/mcufinder
2025-12-09 14:34:39,980 [INFO] DbMcusAds:125 - Set database path to: /home/natthanicha/.stmcufinder/plugins/mcufinder//mcu/
2025-12-09 14:34:39,980 [WARN] DbFile:41 - Overriding database path with different value: /home/natthanicha/.stmcufinder/plugins/mcufinder/ => /home/natthanicha/.stmcufinder/plugins/mcufinder
2025-12-09 14:34:39,980 [WARN] DbFile:41 - Overriding database path with different value: /home/natthanicha/.stmcufinder/plugins/mcufinder/ => /home/natthanicha/.stmcufinder/plugins/mcufinder
2025-12-09 14:34:39,980 [INFO] CrossReferenceDbSqlite:203 - Set database path to: /home/natthanicha/.stmcufinder/plugins/mcufinder//mcu/cs/
2025-12-09 14:34:40,185 [INFO] MainPanel:274 - HeapMemory: 268435456
2025-12-09 14:34:40,567 [INFO] DbMcusXml:78 - Set database path to: /opt/st/stm32cubeide_1.19.0/plugins/com.st.stm32cube.common.mx_6.15.0.202507011659//db//mcu/
2025-12-09 14:34:40,567 [INFO] ApiDb:274 - Set plugin database path to: /opt/st/stm32cubeide_1.19.0/plugins/com.st.stm32cube.common.mx_6.15.0.202507011659//db//plugins/boardmanager/
2025-12-09 14:34:40,567 [INFO] ApiDb:261 - Set plugin images path to: /opt/st/stm32cubeide_1.19.0/plugins/com.st.stm32cube.common.mx_6.15.0.202507011659//db//plugins/mcufinder/images/
2025-12-09 14:34:40,568 [WARN] DbFile:41 - Overriding database path with different value: /home/natthanicha/.stmcufinder/plugins/mcufinder/ => /home/natthanicha/.stmcufinder/plugins/mcufinder
2025-12-09 14:34:40,568 [INFO] ApiDb:250 - Set database path to: /home/natthanicha/.stmcufinder/plugins/mcufinder//mcu/
2025-12-09 14:34:40,568 [WARN] DbFile:41 - Overriding database path with different value: /home/natthanicha/.stmcufinder/plugins/mcufinder/ => /home/natthanicha/.stmcufinder/plugins/mcufinder
2025-12-09 14:34:40,568 [INFO] DbMcusAds:125 - Set database path to: /home/natthanicha/.stmcufinder/plugins/mcufinder//mcu/
2025-12-09 14:34:40,568 [WARN] DbFile:41 - Overriding database path with different value: /home/natthanicha/.stmcufinder/plugins/mcufinder/ => /home/natthanicha/.stmcufinder/plugins/mcufinder
2025-12-09 14:34:40,568 [WARN] DbFile:41 - Overriding database path with different value: /home/natthanicha/.stmcufinder/plugins/mcufinder/ => /home/natthanicha/.stmcufinder/plugins/mcufinder
2025-12-09 14:34:40,568 [INFO] CrossReferenceDbSqlite:203 - Set database path to: /home/natthanicha/.stmcufinder/plugins/mcufinder//mcu/cs/
2025-12-09 14:34:40,606 [INFO] ApplicationProperties:184 - Using Application install path: /opt/st/stm32cubeide_1.19.0/plugins/com.st.stm32cube.common.mx_6.15.0.202507011659
2025-12-09 14:34:40,607 [INFO] PluginManage:196 - Search for loadable plugins [exclusion list=, ]
2025-12-09 14:34:40,608 [INFO] PluginManage:310 - Check plugin analytics
2025-12-09 14:34:40,892 [INFO] AnalyticsPlugin:253 - Accepted Software Licenses: 
2025-12-09 14:34:40,892 [INFO] AnalyticsPlugin:255 - Accepted CMSIS Pack Licenses: 
2025-12-09 14:34:40,893 [INFO] AnalyticsPlugin:257 - Accepted Firmware Licenses: FW.G4.1.6.0
2025-12-09 14:34:40,894 [INFO] PluginManage:359 - Loaded plugin analytics (category:tool,tabindex:-1)
2025-12-09 14:34:40,894 [INFO] PluginManage:310 - Check plugin cadmodel
2025-12-09 14:34:40,985 [INFO] CADModel:105 - Init CAD model plugin
2025-12-09 14:34:40,985 [INFO] PluginManage:359 - Loaded plugin cadmodel (category:power,tabindex:5)
2025-12-09 14:34:40,985 [INFO] PluginManage:310 - Check plugin clock
2025-12-09 14:34:41,062 [INFO] PluginManage:359 - Loaded plugin clock (category:base,tabindex:2)
2025-12-09 14:34:41,062 [INFO] PluginManage:310 - Check plugin ddr
2025-12-09 14:34:41,098 [INFO] PluginManage:359 - Loaded plugin ddr (category:tool,tabindex:6)
2025-12-09 14:34:41,098 [INFO] PluginManage:310 - Check plugin filemanager
2025-12-09 14:34:41,495 [INFO] PluginManage:359 - Loaded plugin filemanager (category:base,tabindex:10)
2025-12-09 14:34:41,495 [INFO] PluginManage:310 - Check plugin ipmanager
2025-12-09 14:34:41,520 [INFO] PluginManage:359 - Loaded plugin ipmanager (category:base,tabindex:5)
2025-12-09 14:34:41,520 [INFO] PluginManage:310 - Check plugin lpbam
2025-12-09 14:34:41,529 [INFO] PluginManage:359 - Loaded plugin lpbam (category:base,tabindex:0)
2025-12-09 14:34:41,529 [INFO] PluginManage:310 - Check plugin memorymap
2025-12-09 14:34:41,554 [INFO] PluginManage:359 - Loaded plugin memorymap (category:base,tabindex:4)
2025-12-09 14:34:41,554 [INFO] PluginManage:310 - Check plugin pinoutandconfiguration
2025-12-09 14:34:41,578 [INFO] PluginManage:359 - Loaded plugin pinoutandconfiguration (category:base,tabindex:1)
2025-12-09 14:34:41,578 [INFO] PluginManage:310 - Check plugin pinoutconfig
2025-12-09 14:34:41,782 [WARN] SupportedApi:132 - Cannot load RTOS API schema: s4s-elt-must-match.1: The content of 'definitions' must match (annotation?, (simpleType | complexType)?, (unique | key | keyref)*)). A problem was found starting at: attribute.
2025-12-09 14:34:41,899 [INFO] PluginManage:359 - Loaded plugin pinoutconfig (category:base,tabindex:0)
2025-12-09 14:34:41,900 [INFO] PluginManage:310 - Check plugin power
2025-12-09 14:34:41,962 [INFO] PluginManage:359 - Loaded plugin power (category:power,tabindex:4)
2025-12-09 14:34:41,963 [INFO] PluginManage:310 - Check plugin projectmanager
2025-12-09 14:34:41,993 [INFO] PluginManage:359 - Loaded plugin projectmanager (category:projectmanager,tabindex:4)
2025-12-09 14:34:41,993 [INFO] PluginManage:310 - Check plugin rif
2025-12-09 14:34:42,013 [INFO] PluginManage:359 - Loaded plugin rif (category:base,tabindex:3)
2025-12-09 14:34:42,013 [INFO] PluginManage:310 - Check plugin thirdparty
2025-12-09 14:34:42,257 [INFO] PluginManage:359 - Loaded plugin thirdparty (category:base,tabindex:-1)
2025-12-09 14:34:42,257 [INFO] PluginManage:310 - Check plugin tools
2025-12-09 14:34:42,257 [WARN] IntegrityCheckThread:84 - waiting for thirdparty lock release [integrity check]
2025-12-09 14:34:42,257 [INFO] IntegrityCheckThread:86 - entering critical section [integrity check]
2025-12-09 14:34:42,258 [INFO] ThirdPartyUpdaterWithRetryManager:70 - Updater plugin not ready yet. [1/15]
2025-12-09 14:34:42,281 [INFO] PluginManage:359 - Loaded plugin tools (category:base,tabindex:7)
2025-12-09 14:34:42,281 [INFO] PluginManage:310 - Check plugin tutovideos
2025-12-09 14:34:42,570 [INFO] PluginManage:359 - Loaded plugin tutovideos (category:base,tabindex:-1)
2025-12-09 14:34:42,570 [INFO] PluginManage:310 - Check plugin updater
2025-12-09 14:34:42,614 [INFO] PluginManage:359 - Loaded plugin updater (category:base,tabindex:12)
2025-12-09 14:34:42,615 [INFO] PluginManage:310 - Check plugin userauth
2025-12-09 14:34:42,650 [INFO] UserAuth:118 - Init User Auth plugin
2025-12-09 14:34:42,651 [INFO] PluginManage:359 - Loaded plugin userauth (category:base,tabindex:14)
2025-12-09 14:34:42,651 [INFO] PluginManage:283 - PluginManage : Loaded plugins [18]
2025-12-09 14:34:44,269 [INFO] PinOutPanel:1589 - setPackage(No Configuration,No Configuration)
2025-12-09 14:34:45,099 [INFO] CADModel:165 - CPN selected for project level
2025-12-09 14:34:45,099 [INFO] CADModel:114 - Register for checkConnection events
2025-12-09 14:34:45,258 [INFO] ThirdPartyUpdaterWithRetryManager:70 - Updater plugin not ready yet. [2/15]
2025-12-09 14:34:45,367 [INFO] IPUIPlugin:80 - create IPUIPlugin
2025-12-09 14:34:45,367 [INFO] PluginManager:220 - loadIPPluginJar : add gfxmmu
2025-12-09 14:34:45,379 [INFO] IPUIPlugin:80 - create IPUIPlugin
2025-12-09 14:34:45,379 [INFO] PluginManager:220 - loadIPPluginJar : add spi
2025-12-09 14:34:45,436 [INFO] IPUIPlugin:80 - create IPUIPlugin
2025-12-09 14:34:45,436 [INFO] PluginManager:220 - loadIPPluginJar : add linkedlist
2025-12-09 14:34:45,450 [INFO] IPUIPlugin:80 - create IPUIPlugin
2025-12-09 14:34:45,450 [INFO] PluginManager:220 - loadIPPluginJar : add stm32_wpan
2025-12-09 14:34:45,477 [INFO] IPUIPlugin:80 - create IPUIPlugin
2025-12-09 14:34:45,477 [INFO] PluginManager:220 - loadIPPluginJar : add resmgrutility
2025-12-09 14:34:45,549 [INFO] IPUIPlugin:80 - create IPUIPlugin
2025-12-09 14:34:45,549 [INFO] PluginManager:220 - loadIPPluginJar : add gpio
2025-12-09 14:34:45,561 [INFO] IPUIPlugin:80 - create IPUIPlugin
2025-12-09 14:34:45,562 [INFO] PluginManager:220 - loadIPPluginJar : add ucpd
2025-12-09 14:34:45,593 [INFO] IPUIPlugin:80 - create IPUIPlugin
2025-12-09 14:34:45,593 [INFO] PluginManager:220 - loadIPPluginJar : add dma3
2025-12-09 14:34:45,594 [INFO] IPUIPlugin:80 - create IPUIPlugin
2025-12-09 14:34:45,594 [INFO] PluginManager:220 - loadIPPluginJar : add i2s
2025-12-09 14:34:45,701 [INFO] IPUIPlugin:80 - create IPUIPlugin
2025-12-09 14:34:45,702 [INFO] PluginManager:220 - loadIPPluginJar : add mdma
2025-12-09 14:34:45,719 [INFO] IPUIPlugin:80 - create IPUIPlugin
2025-12-09 14:34:45,720 [INFO] PluginManager:220 - loadIPPluginJar : add tsc
2025-12-09 14:34:45,726 [INFO] IPUIPlugin:80 - create IPUIPlugin
2025-12-09 14:34:45,726 [INFO] PluginManager:220 - loadIPPluginJar : add lorawan
2025-12-09 14:34:45,778 [INFO] IPUIPlugin:80 - create IPUIPlugin
2025-12-09 14:34:45,778 [INFO] PluginManager:220 - loadIPPluginJar : add extmemmanager
2025-12-09 14:34:45,830 [INFO] IPUIPlugin:80 - create IPUIPlugin
2025-12-09 14:34:45,830 [INFO] PluginManager:220 - loadIPPluginJar : add adc
2025-12-09 14:34:45,875 [INFO] IPUIPlugin:80 - create IPUIPlugin
2025-12-09 14:34:45,876 [INFO] PluginManager:220 - loadIPPluginJar : add radio
2025-12-09 14:34:45,917 [INFO] IPUIPlugin:80 - create IPUIPlugin
2025-12-09 14:34:45,917 [INFO] PluginManager:220 - loadIPPluginJar : add sai
2025-12-09 14:34:45,936 [INFO] IPUIPlugin:80 - create IPUIPlugin
2025-12-09 14:34:45,936 [INFO] PluginManager:220 - loadIPPluginJar : add genericplugin
2025-12-09 14:34:45,972 [INFO] IPUIPlugin:80 - create IPUIPlugin
2025-12-09 14:34:45,972 [INFO] PluginManager:220 - loadIPPluginJar : add i2c
2025-12-09 14:34:46,130 [INFO] IPUIPlugin:80 - create IPUIPlugin
2025-12-09 14:34:46,130 [INFO] PluginManager:220 - loadIPPluginJar : add ddr_ctrl_phy
2025-12-09 14:34:46,197 [INFO] IPUIPlugin:80 - create IPUIPlugin
2025-12-09 14:34:46,197 [INFO] PluginManager:220 - loadIPPluginJar : add gtzc
2025-12-09 14:34:46,235 [INFO] IPUIPlugin:80 - create IPUIPlugin
2025-12-09 14:34:46,235 [INFO] PluginManager:220 - loadIPPluginJar : add usbx
2025-12-09 14:34:46,368 [INFO] IPUIPlugin:80 - create IPUIPlugin
2025-12-09 14:34:46,368 [INFO] PluginManager:220 - loadIPPluginJar : add freertos
2025-12-09 14:34:46,375 [INFO] IPUIPlugin:80 - create IPUIPlugin
2025-12-09 14:34:46,375 [INFO] PluginManager:220 - loadIPPluginJar : add pdm2pcm
2025-12-09 14:34:46,405 [INFO] IPUIPlugin:80 - create IPUIPlugin
2025-12-09 14:34:46,405 [INFO] PluginManager:220 - loadIPPluginJar : add fatfs
2025-12-09 14:34:46,458 [INFO] IPUIPlugin:80 - create IPUIPlugin
2025-12-09 14:34:46,458 [INFO] PluginManager:220 - loadIPPluginJar : add ipddr
2025-12-09 14:34:46,476 [INFO] IPUIPlugin:80 - create IPUIPlugin
2025-12-09 14:34:46,476 [INFO] PluginManager:220 - loadIPPluginJar : add aes
2025-12-09 14:34:46,509 [INFO] IPUIPlugin:80 - create IPUIPlugin
2025-12-09 14:34:46,510 [INFO] PluginManager:220 - loadIPPluginJar : add fmc
2025-12-09 14:34:46,536 [INFO] IPUIPlugin:80 - create IPUIPlugin
2025-12-09 14:34:46,536 [INFO] PluginManager:220 - loadIPPluginJar : add i3c
2025-12-09 14:34:46,590 [INFO] IPUIPlugin:80 - create IPUIPlugin
2025-12-09 14:34:46,590 [INFO] PluginManager:220 - loadIPPluginJar : add touchsensing
2025-12-09 14:34:46,619 [INFO] IPUIPlugin:80 - create IPUIPlugin
2025-12-09 14:34:46,619 [INFO] PluginManager:220 - loadIPPluginJar : add opamp
2025-12-09 14:34:46,628 [INFO] IPUIPlugin:80 - create IPUIPlugin
2025-12-09 14:34:46,628 [INFO] PluginManager:220 - loadIPPluginJar : add tracer_emb
2025-12-09 14:34:46,679 [INFO] IPUIPlugin:80 - create IPUIPlugin
2025-12-09 14:34:46,679 [INFO] PluginManager:220 - loadIPPluginJar : add dma
2025-12-09 14:34:46,710 [INFO] IPUIPlugin:80 - create IPUIPlugin
2025-12-09 14:34:46,711 [INFO] PluginManager:220 - loadIPPluginJar : add ltdc
2025-12-09 14:34:46,733 [INFO] IPUIPlugin:80 - create IPUIPlugin
2025-12-09 14:34:46,733 [INFO] PluginManager:220 - loadIPPluginJar : add hash
2025-12-09 14:34:46,881 [INFO] IPUIPlugin:80 - create IPUIPlugin
2025-12-09 14:34:46,883 [INFO] PluginManager:220 - loadIPPluginJar : add plateformsettings
2025-12-09 14:34:46,887 [INFO] IPUIPlugin:80 - create IPUIPlugin
2025-12-09 14:34:46,887 [INFO] PluginManager:220 - loadIPPluginJar : add comp
2025-12-09 14:34:46,905 [INFO] IPUIPlugin:80 - create IPUIPlugin
2025-12-09 14:34:46,905 [INFO] PluginManager:220 - loadIPPluginJar : add can
2025-12-09 14:34:46,930 [INFO] IPUIPlugin:80 - create IPUIPlugin
2025-12-09 14:34:46,930 [INFO] PluginManager:220 - loadIPPluginJar : add dfsdm
2025-12-09 14:34:46,940 [INFO] IPUIPlugin:80 - create IPUIPlugin
2025-12-09 14:34:46,940 [INFO] PluginManager:220 - loadIPPluginJar : add usart
2025-12-09 14:34:47,064 [INFO] IPUIPlugin:80 - create IPUIPlugin
2025-12-09 14:34:47,064 [INFO] PluginManager:220 - loadIPPluginJar : add nvic
2025-12-09 14:34:47,111 [INFO] IPUIPlugin:80 - create IPUIPlugin
2025-12-09 14:34:47,111 [INFO] PluginManager:220 - loadIPPluginJar : add gic
2025-12-09 14:34:47,125 [INFO] IPUIPlugin:80 - create IPUIPlugin
2025-12-09 14:34:47,125 [INFO] PluginManager:220 - loadIPPluginJar : add quadspi
2025-12-09 14:34:47,146 [INFO] IPUIPlugin:80 - create IPUIPlugin
2025-12-09 14:34:47,146 [INFO] PluginManager:220 - loadIPPluginJar : add cryp
2025-12-09 14:34:47,194 [INFO] IPUIPlugin:80 - create IPUIPlugin
2025-12-09 14:34:47,194 [INFO] PluginManager:220 - loadIPPluginJar : add openamp
2025-12-09 14:34:47,206 [INFO] IPUIPlugin:80 - create IPUIPlugin
2025-12-09 14:34:47,206 [INFO] PluginManager:220 - loadIPPluginJar : add tim
2025-12-09 14:34:47,218 [INFO] IPUIPlugin:80 - create IPUIPlugin
2025-12-09 14:34:47,218 [INFO] PluginManager:220 - loadIPPluginJar : add ts
2025-12-09 14:34:47,475 [FATAL] Updater:351 - Updater called before beeing initialized
2025-12-09 14:34:47,706 [INFO] RulesReader:64 - Compatibility file has been processed (317 Rules)
2025-12-09 14:34:47,714 [INFO] RulesReader:64 - Compatibility file has been processed (317 Rules)
2025-12-09 14:34:47,721 [INFO] CADModel:165 - CPN selected for project level
2025-12-09 14:34:47,721 [INFO] CADModel:114 - Register for checkConnection events
2025-12-09 14:34:47,721 [FATAL] Updater:351 - Updater called before beeing initialized
2025-12-09 14:34:47,721 [ERROR] CADModel:125 - Updater not yet initialized, retry later 
2025-12-09 14:34:48,259 [INFO] ThirdPartyUpdaterWithRetryManager:70 - Updater plugin not ready yet. [3/15]
2025-12-09 14:34:48,896 [FATAL] Updater:351 - Updater called before beeing initialized
2025-12-09 14:34:48,934 [INFO] CADModel:165 - CPN selected for project level
2025-12-09 14:34:48,934 [INFO] CADModel:114 - Register for checkConnection events
2025-12-09 14:34:48,934 [FATAL] Updater:351 - Updater called before beeing initialized
2025-12-09 14:34:48,934 [ERROR] CADModel:125 - Updater not yet initialized, retry later 
2025-12-09 14:34:48,936 [FATAL] Updater:351 - Updater called before beeing initialized
2025-12-09 14:34:49,398 [FATAL] Updater:351 - Updater called before beeing initialized
2025-12-09 14:34:49,422 [INFO] DbMcusAds:53 - JSON generation date=Mon Nov 10 17:43:01 ICT 2025 (1762771381096)
2025-12-09 14:34:49,423 [FATAL] Updater:351 - Updater called before beeing initialized
2025-12-09 14:34:49,962 [WARN] DetailPanel:346 - Failed to get advertising image, set to default
2025-12-09 14:34:50,147 [FATAL] Updater:351 - Updater called before beeing initialized
2025-12-09 14:34:50,191 [FATAL] Updater:351 - Updater called before beeing initialized
2025-12-09 14:34:50,191 [FATAL] Updater:351 - Updater called before beeing initialized
2025-12-09 14:34:50,191 [WARN] DetailPanel:346 - Failed to get advertising image, set to default
2025-12-09 14:34:50,192 [FATAL] Updater:351 - Updater called before beeing initialized
2025-12-09 14:34:50,458 [ERROR] Updater:1198 - MainUpdater not yet initialized. External WinMGr cannot be set.
2025-12-09 14:34:50,476 [INFO] Updater:1134 - Updater Version found : 6.15.0
2025-12-09 14:34:50,710 [INFO] ApplicationProperties:184 - Using Application install path: /opt/st/stm32cubeide_1.19.0/plugins/com.st.stm32cube.common.mx_6.15.0.202507011659
2025-12-09 14:34:51,260 [FATAL] Updater:351 - Updater called before beeing initialized
2025-12-09 14:34:51,261 [ERROR] IntegrityCheckThread:130 - Cannot retrieve database content from updater: error 21
2025-12-09 14:34:51,261 [INFO] ThirdParty:978 - Integrity check success = false
2025-12-09 14:34:51,261 [INFO] IntegrityCheckThread:100 - exiting critical section [integrity check]
2025-12-09 14:34:51,261 [INFO] IntegrityCheckThread:103 - End integrity checks thread
2025-12-09 14:34:53,120 [INFO] MainUpdater:2872 - connection check result : 10
2025-12-09 14:34:53,121 [INFO] MainUpdater:289 - Updater Check For Update Now.
2025-12-09 14:34:53,121 [INFO] MicroXplorer:498 - Change Database Version : DB.6.0.150
2025-12-09 14:34:53,153 [INFO] McuFinderGlobals:63 - Set McuFinder mode to 2 (CubeIDE integrated)
2025-12-09 14:34:53,249 [INFO] UserAuth:487 - Internet connection configuration mode: 1
2025-12-09 14:34:54,046 [INFO] JxBrowserEngine:152 - Initiate JxBrowser Engine with user profile folder
2025-12-09 14:34:54,069 [INFO] CheckServerUpdateThread:120 - End of CheckServer Thread
2025-12-09 14:35:15,531 [INFO] WebApp:169 - Instantiating new browser for Auth
2025-12-09 14:35:19,603 [INFO] WebApp:463 - Apply proxy settings
2025-12-09 14:35:19,603 [INFO] WebApp:548 - Chromium requires no authentication
2025-12-09 14:35:19,650 [INFO] WebApp:491 - Direct internet connection detected
2025-12-09 14:35:19,811 [INFO] WebApp:900 - Register for checkConnection events
2025-12-09 14:35:19,811 [INFO] WebApp:463 - Apply proxy settings
2025-12-09 14:35:19,811 [INFO] WebApp:548 - Chromium requires no authentication
2025-12-09 14:35:19,811 [INFO] WebApp:491 - Direct internet connection detected
2025-12-09 14:35:21,820 [INFO] WebApp:191 - Connection restablished
2025-12-09 14:35:22,874 [INFO] WebApp:225 - Starting web application
2025-12-09 14:35:22,874 [INFO] WebApp:593 - Web application path used /opt/st/stm32cubeide_1.19.0/plugins/com.st.stm32cube.common.mx_6.15.0.202507011659/db/plugins/mcufinder/reactClient1/index.html
2025-12-09 14:35:24,054 [INFO] UserAuth:487 - Internet connection configuration mode: 1
2025-12-09 14:35:38,606 [INFO] WebApp:194 - Connection lost
2025-12-09 14:35:39,414 [INFO] WebApp:191 - Connection restablished
2025-12-09 14:47:24,420 [INFO] WebApp:194 - Connection lost
2025-12-09 14:47:24,593 [INFO] WebApp:191 - Connection restablished
2025-12-09 15:03:09,773 [INFO] WebApp:194 - Connection lost
2025-12-09 15:03:10,059 [INFO] WebApp:191 - Connection restablished
2025-12-09 15:04:27,097 [INFO] WebApp:194 - Connection lost
2025-12-09 15:04:27,367 [INFO] WebApp:191 - Connection restablished
