2025-12-08 04:47:39,306 [INFO] Activator:176 - 


2025-12-08 04:47:39,329 [INFO] Activator:177 - !SESSION log4j initialized
2025-12-08 04:47:51,866 [INFO] LogOutputStream:77 - [STDOUT_REDIRECT] 
2025-12-08 04:47:58,137 [INFO] ApplicationProperties:184 - Using Application install path: /opt/st/stm32cubeide_1.19.0/plugins/com.st.stm32cube.common.mx_6.15.0.202507011659
2025-12-08 04:47:58,214 [INFO] DbMcusXml:78 - Set database path to: /opt/st/stm32cubeide_1.19.0/plugins/com.st.stm32cube.common.mx_6.15.0.202507011659//db//mcu/
2025-12-08 04:47:58,214 [INFO] ApiDb:274 - Set plugin database path to: /opt/st/stm32cubeide_1.19.0/plugins/com.st.stm32cube.common.mx_6.15.0.202507011659//db//plugins/boardmanager/
2025-12-08 04:47:58,214 [WARN] ApiDb:259 - Overriding images path with different value:  => /opt/st/stm32cubeide_1.19.0/plugins/com.st.stm32cube.common.mx_6.15.0.202507011659//db//plugins/mcufinder/images/
2025-12-08 04:47:58,361 [INFO] ApiDb:250 - Set database path to: /home/natthanicha/.stmcufinder/plugins/mcufinder//mcu/
2025-12-08 04:47:58,363 [INFO] DbMcusAds:125 - Set database path to: /home/natthanicha/.stmcufinder/plugins/mcufinder//mcu/
2025-12-08 04:47:58,378 [INFO] CrossReferenceDbSqlite:203 - Set database path to: /home/natthanicha/.stmcufinder/plugins/mcufinder//mcu/cs/
2025-12-08 04:47:58,611 [INFO] RulesReader:64 - Compatibility file has been processed (317 Rules)
2025-12-08 04:47:58,927 [INFO] DbMcusXml:78 - Set database path to: /opt/st/stm32cubeide_1.19.0/plugins/com.st.stm32cube.common.mx_6.15.0.202507011659//db//mcu/
2025-12-08 04:47:58,927 [INFO] ApiDb:274 - Set plugin database path to: /opt/st/stm32cubeide_1.19.0/plugins/com.st.stm32cube.common.mx_6.15.0.202507011659//db//plugins/boardmanager/
2025-12-08 04:47:58,927 [INFO] ApiDb:261 - Set plugin images path to: /opt/st/stm32cubeide_1.19.0/plugins/com.st.stm32cube.common.mx_6.15.0.202507011659//db//plugins/mcufinder/images/
2025-12-08 04:47:58,927 [WARN] DbFile:41 - Overriding database path with different value: /home/natthanicha/.stmcufinder/plugins/mcufinder/ => /home/natthanicha/.stmcufinder/plugins/mcufinder
2025-12-08 04:47:58,927 [INFO] ApiDb:250 - Set database path to: /home/natthanicha/.stmcufinder/plugins/mcufinder//mcu/
2025-12-08 04:47:58,927 [WARN] DbFile:41 - Overriding database path with different value: /home/natthanicha/.stmcufinder/plugins/mcufinder/ => /home/natthanicha/.stmcufinder/plugins/mcufinder
2025-12-08 04:47:58,927 [INFO] DbMcusAds:125 - Set database path to: /home/natthanicha/.stmcufinder/plugins/mcufinder//mcu/
2025-12-08 04:47:58,928 [WARN] DbFile:41 - Overriding database path with different value: /home/natthanicha/.stmcufinder/plugins/mcufinder/ => /home/natthanicha/.stmcufinder/plugins/mcufinder
2025-12-08 04:47:58,928 [WARN] DbFile:41 - Overriding database path with different value: /home/natthanicha/.stmcufinder/plugins/mcufinder/ => /home/natthanicha/.stmcufinder/plugins/mcufinder
2025-12-08 04:47:58,928 [INFO] CrossReferenceDbSqlite:203 - Set database path to: /home/natthanicha/.stmcufinder/plugins/mcufinder//mcu/cs/
2025-12-08 04:47:59,114 [INFO] MainPanel:274 - HeapMemory: 268435456
2025-12-08 04:47:59,615 [INFO] DbMcusXml:78 - Set database path to: /opt/st/stm32cubeide_1.19.0/plugins/com.st.stm32cube.common.mx_6.15.0.202507011659//db//mcu/
2025-12-08 04:47:59,615 [INFO] ApiDb:274 - Set plugin database path to: /opt/st/stm32cubeide_1.19.0/plugins/com.st.stm32cube.common.mx_6.15.0.202507011659//db//plugins/boardmanager/
2025-12-08 04:47:59,615 [INFO] ApiDb:261 - Set plugin images path to: /opt/st/stm32cubeide_1.19.0/plugins/com.st.stm32cube.common.mx_6.15.0.202507011659//db//plugins/mcufinder/images/
2025-12-08 04:47:59,615 [WARN] DbFile:41 - Overriding database path with different value: /home/natthanicha/.stmcufinder/plugins/mcufinder/ => /home/natthanicha/.stmcufinder/plugins/mcufinder
2025-12-08 04:47:59,615 [INFO] ApiDb:250 - Set database path to: /home/natthanicha/.stmcufinder/plugins/mcufinder//mcu/
2025-12-08 04:47:59,615 [WARN] DbFile:41 - Overriding database path with different value: /home/natthanicha/.stmcufinder/plugins/mcufinder/ => /home/natthanicha/.stmcufinder/plugins/mcufinder
2025-12-08 04:47:59,615 [INFO] DbMcusAds:125 - Set database path to: /home/natthanicha/.stmcufinder/plugins/mcufinder//mcu/
2025-12-08 04:47:59,615 [WARN] DbFile:41 - Overriding database path with different value: /home/natthanicha/.stmcufinder/plugins/mcufinder/ => /home/natthanicha/.stmcufinder/plugins/mcufinder
2025-12-08 04:47:59,615 [WARN] DbFile:41 - Overriding database path with different value: /home/natthanicha/.stmcufinder/plugins/mcufinder/ => /home/natthanicha/.stmcufinder/plugins/mcufinder
2025-12-08 04:47:59,615 [INFO] CrossReferenceDbSqlite:203 - Set database path to: /home/natthanicha/.stmcufinder/plugins/mcufinder//mcu/cs/
2025-12-08 04:47:59,649 [INFO] ApplicationProperties:184 - Using Application install path: /opt/st/stm32cubeide_1.19.0/plugins/com.st.stm32cube.common.mx_6.15.0.202507011659
2025-12-08 04:47:59,650 [INFO] PluginManage:196 - Search for loadable plugins [exclusion list=, ]
2025-12-08 04:47:59,651 [INFO] PluginManage:310 - Check plugin analytics
2025-12-08 04:47:59,924 [INFO] AnalyticsPlugin:253 - Accepted Software Licenses: 
2025-12-08 04:47:59,924 [INFO] AnalyticsPlugin:255 - Accepted CMSIS Pack Licenses: 
2025-12-08 04:47:59,924 [INFO] AnalyticsPlugin:257 - Accepted Firmware Licenses: FW.G4.1.6.0
2025-12-08 04:47:59,925 [INFO] PluginManage:359 - Loaded plugin analytics (category:tool,tabindex:-1)
2025-12-08 04:47:59,925 [INFO] PluginManage:310 - Check plugin cadmodel
2025-12-08 04:48:00,005 [INFO] CADModel:105 - Init CAD model plugin
2025-12-08 04:48:00,005 [INFO] PluginManage:359 - Loaded plugin cadmodel (category:power,tabindex:5)
2025-12-08 04:48:00,006 [INFO] PluginManage:310 - Check plugin clock
2025-12-08 04:48:00,086 [INFO] PluginManage:359 - Loaded plugin clock (category:base,tabindex:2)
2025-12-08 04:48:00,086 [INFO] PluginManage:310 - Check plugin ddr
2025-12-08 04:48:00,101 [INFO] PluginManage:359 - Loaded plugin ddr (category:tool,tabindex:6)
2025-12-08 04:48:00,101 [INFO] PluginManage:310 - Check plugin filemanager
2025-12-08 04:48:00,537 [INFO] PluginManage:359 - Loaded plugin filemanager (category:base,tabindex:10)
2025-12-08 04:48:00,537 [INFO] PluginManage:310 - Check plugin ipmanager
2025-12-08 04:48:00,553 [INFO] PluginManage:359 - Loaded plugin ipmanager (category:base,tabindex:5)
2025-12-08 04:48:00,553 [INFO] PluginManage:310 - Check plugin lpbam
2025-12-08 04:48:00,580 [INFO] PluginManage:359 - Loaded plugin lpbam (category:base,tabindex:0)
2025-12-08 04:48:00,580 [INFO] PluginManage:310 - Check plugin memorymap
2025-12-08 04:48:00,622 [INFO] PluginManage:359 - Loaded plugin memorymap (category:base,tabindex:4)
2025-12-08 04:48:00,622 [INFO] PluginManage:310 - Check plugin pinoutandconfiguration
2025-12-08 04:48:00,670 [INFO] PluginManage:359 - Loaded plugin pinoutandconfiguration (category:base,tabindex:1)
2025-12-08 04:48:00,670 [INFO] PluginManage:310 - Check plugin pinoutconfig
2025-12-08 04:48:00,879 [WARN] SupportedApi:132 - Cannot load RTOS API schema: s4s-elt-must-match.1: The content of 'definitions' must match (annotation?, (simpleType | complexType)?, (unique | key | keyref)*)). A problem was found starting at: attribute.
2025-12-08 04:48:00,993 [INFO] PluginManage:359 - Loaded plugin pinoutconfig (category:base,tabindex:0)
2025-12-08 04:48:00,993 [INFO] PluginManage:310 - Check plugin power
2025-12-08 04:48:01,107 [INFO] PluginManage:359 - Loaded plugin power (category:power,tabindex:4)
2025-12-08 04:48:01,107 [INFO] PluginManage:310 - Check plugin projectmanager
2025-12-08 04:48:01,135 [INFO] PluginManage:359 - Loaded plugin projectmanager (category:projectmanager,tabindex:4)
2025-12-08 04:48:01,135 [INFO] PluginManage:310 - Check plugin rif
2025-12-08 04:48:01,185 [INFO] PluginManage:359 - Loaded plugin rif (category:base,tabindex:3)
2025-12-08 04:48:01,185 [INFO] PluginManage:310 - Check plugin thirdparty
2025-12-08 04:48:01,461 [INFO] PluginManage:359 - Loaded plugin thirdparty (category:base,tabindex:-1)
2025-12-08 04:48:01,461 [WARN] IntegrityCheckThread:84 - waiting for thirdparty lock release [integrity check]
2025-12-08 04:48:01,462 [INFO] PluginManage:310 - Check plugin tools
2025-12-08 04:48:01,462 [INFO] IntegrityCheckThread:86 - entering critical section [integrity check]
2025-12-08 04:48:01,462 [INFO] ThirdPartyUpdaterWithRetryManager:70 - Updater plugin not ready yet. [1/15]
2025-12-08 04:48:01,476 [INFO] PluginManage:359 - Loaded plugin tools (category:base,tabindex:7)
2025-12-08 04:48:01,476 [INFO] PluginManage:310 - Check plugin tutovideos
2025-12-08 04:48:01,809 [INFO] PluginManage:359 - Loaded plugin tutovideos (category:base,tabindex:-1)
2025-12-08 04:48:01,810 [INFO] PluginManage:310 - Check plugin updater
2025-12-08 04:48:01,926 [INFO] PluginManage:359 - Loaded plugin updater (category:base,tabindex:12)
2025-12-08 04:48:01,926 [INFO] PluginManage:310 - Check plugin userauth
2025-12-08 04:48:01,958 [INFO] UserAuth:118 - Init User Auth plugin
2025-12-08 04:48:01,959 [INFO] PluginManage:359 - Loaded plugin userauth (category:base,tabindex:14)
2025-12-08 04:48:01,959 [INFO] PluginManage:283 - PluginManage : Loaded plugins [18]
2025-12-08 04:48:02,634 [INFO] PinOutPanel:1589 - setPackage(No Configuration,No Configuration)
2025-12-08 04:48:02,809 [INFO] CADModel:165 - CPN selected for project level
2025-12-08 04:48:02,810 [INFO] CADModel:114 - Register for checkConnection events
2025-12-08 04:48:02,925 [INFO] IPUIPlugin:80 - create IPUIPlugin
2025-12-08 04:48:02,925 [INFO] PluginManager:220 - loadIPPluginJar : add gfxmmu
2025-12-08 04:48:02,951 [INFO] IPUIPlugin:80 - create IPUIPlugin
2025-12-08 04:48:02,951 [INFO] PluginManager:220 - loadIPPluginJar : add spi
2025-12-08 04:48:03,007 [INFO] IPUIPlugin:80 - create IPUIPlugin
2025-12-08 04:48:03,007 [INFO] PluginManager:220 - loadIPPluginJar : add linkedlist
2025-12-08 04:48:03,012 [INFO] IPUIPlugin:80 - create IPUIPlugin
2025-12-08 04:48:03,012 [INFO] PluginManager:220 - loadIPPluginJar : add stm32_wpan
2025-12-08 04:48:03,037 [INFO] IPUIPlugin:80 - create IPUIPlugin
2025-12-08 04:48:03,037 [INFO] PluginManager:220 - loadIPPluginJar : add resmgrutility
2025-12-08 04:48:03,040 [INFO] IPUIPlugin:80 - create IPUIPlugin
2025-12-08 04:48:03,040 [INFO] PluginManager:220 - loadIPPluginJar : add gpio
2025-12-08 04:48:03,041 [INFO] IPUIPlugin:80 - create IPUIPlugin
2025-12-08 04:48:03,041 [INFO] PluginManager:220 - loadIPPluginJar : add ucpd
2025-12-08 04:48:03,064 [INFO] IPUIPlugin:80 - create IPUIPlugin
2025-12-08 04:48:03,064 [INFO] PluginManager:220 - loadIPPluginJar : add dma3
2025-12-08 04:48:03,065 [INFO] IPUIPlugin:80 - create IPUIPlugin
2025-12-08 04:48:03,065 [INFO] PluginManager:220 - loadIPPluginJar : add i2s
2025-12-08 04:48:03,077 [INFO] IPUIPlugin:80 - create IPUIPlugin
2025-12-08 04:48:03,077 [INFO] PluginManager:220 - loadIPPluginJar : add mdma
2025-12-08 04:48:03,078 [INFO] IPUIPlugin:80 - create IPUIPlugin
2025-12-08 04:48:03,078 [INFO] PluginManager:220 - loadIPPluginJar : add tsc
2025-12-08 04:48:03,079 [INFO] IPUIPlugin:80 - create IPUIPlugin
2025-12-08 04:48:03,079 [INFO] PluginManager:220 - loadIPPluginJar : add lorawan
2025-12-08 04:48:03,081 [INFO] IPUIPlugin:80 - create IPUIPlugin
2025-12-08 04:48:03,081 [INFO] PluginManager:220 - loadIPPluginJar : add extmemmanager
2025-12-08 04:48:03,094 [INFO] IPUIPlugin:80 - create IPUIPlugin
2025-12-08 04:48:03,094 [INFO] PluginManager:220 - loadIPPluginJar : add adc
2025-12-08 04:48:03,109 [INFO] IPUIPlugin:80 - create IPUIPlugin
2025-12-08 04:48:03,109 [INFO] PluginManager:220 - loadIPPluginJar : add radio
2025-12-08 04:48:03,111 [INFO] IPUIPlugin:80 - create IPUIPlugin
2025-12-08 04:48:03,111 [INFO] PluginManager:220 - loadIPPluginJar : add sai
2025-12-08 04:48:03,120 [INFO] IPUIPlugin:80 - create IPUIPlugin
2025-12-08 04:48:03,120 [INFO] PluginManager:220 - loadIPPluginJar : add genericplugin
2025-12-08 04:48:03,121 [INFO] IPUIPlugin:80 - create IPUIPlugin
2025-12-08 04:48:03,121 [INFO] PluginManager:220 - loadIPPluginJar : add i2c
2025-12-08 04:48:03,156 [INFO] IPUIPlugin:80 - create IPUIPlugin
2025-12-08 04:48:03,156 [INFO] PluginManager:220 - loadIPPluginJar : add ddr_ctrl_phy
2025-12-08 04:48:03,158 [INFO] IPUIPlugin:80 - create IPUIPlugin
2025-12-08 04:48:03,158 [INFO] PluginManager:220 - loadIPPluginJar : add gtzc
2025-12-08 04:48:03,160 [INFO] IPUIPlugin:80 - create IPUIPlugin
2025-12-08 04:48:03,160 [INFO] PluginManager:220 - loadIPPluginJar : add usbx
2025-12-08 04:48:03,164 [INFO] IPUIPlugin:80 - create IPUIPlugin
2025-12-08 04:48:03,165 [INFO] PluginManager:220 - loadIPPluginJar : add freertos
2025-12-08 04:48:03,166 [INFO] IPUIPlugin:80 - create IPUIPlugin
2025-12-08 04:48:03,166 [INFO] PluginManager:220 - loadIPPluginJar : add pdm2pcm
2025-12-08 04:48:03,167 [INFO] IPUIPlugin:80 - create IPUIPlugin
2025-12-08 04:48:03,167 [INFO] PluginManager:220 - loadIPPluginJar : add fatfs
2025-12-08 04:48:03,171 [INFO] IPUIPlugin:80 - create IPUIPlugin
2025-12-08 04:48:03,171 [INFO] PluginManager:220 - loadIPPluginJar : add ipddr
2025-12-08 04:48:03,172 [INFO] IPUIPlugin:80 - create IPUIPlugin
2025-12-08 04:48:03,172 [INFO] PluginManager:220 - loadIPPluginJar : add aes
2025-12-08 04:48:03,175 [INFO] IPUIPlugin:80 - create IPUIPlugin
2025-12-08 04:48:03,175 [INFO] PluginManager:220 - loadIPPluginJar : add fmc
2025-12-08 04:48:03,176 [INFO] IPUIPlugin:80 - create IPUIPlugin
2025-12-08 04:48:03,176 [INFO] PluginManager:220 - loadIPPluginJar : add i3c
2025-12-08 04:48:03,177 [INFO] IPUIPlugin:80 - create IPUIPlugin
2025-12-08 04:48:03,177 [INFO] PluginManager:220 - loadIPPluginJar : add touchsensing
2025-12-08 04:48:03,178 [INFO] IPUIPlugin:80 - create IPUIPlugin
2025-12-08 04:48:03,178 [INFO] PluginManager:220 - loadIPPluginJar : add opamp
2025-12-08 04:48:03,179 [INFO] IPUIPlugin:80 - create IPUIPlugin
2025-12-08 04:48:03,179 [INFO] PluginManager:220 - loadIPPluginJar : add tracer_emb
2025-12-08 04:48:03,198 [INFO] IPUIPlugin:80 - create IPUIPlugin
2025-12-08 04:48:03,199 [INFO] PluginManager:220 - loadIPPluginJar : add dma
2025-12-08 04:48:03,199 [INFO] IPUIPlugin:80 - create IPUIPlugin
2025-12-08 04:48:03,199 [INFO] PluginManager:220 - loadIPPluginJar : add ltdc
2025-12-08 04:48:03,200 [INFO] IPUIPlugin:80 - create IPUIPlugin
2025-12-08 04:48:03,200 [INFO] PluginManager:220 - loadIPPluginJar : add hash
2025-12-08 04:48:03,221 [INFO] IPUIPlugin:80 - create IPUIPlugin
2025-12-08 04:48:03,222 [INFO] PluginManager:220 - loadIPPluginJar : add plateformsettings
2025-12-08 04:48:03,223 [INFO] IPUIPlugin:80 - create IPUIPlugin
2025-12-08 04:48:03,223 [INFO] PluginManager:220 - loadIPPluginJar : add comp
2025-12-08 04:48:03,224 [INFO] IPUIPlugin:80 - create IPUIPlugin
2025-12-08 04:48:03,224 [INFO] PluginManager:220 - loadIPPluginJar : add can
2025-12-08 04:48:03,225 [INFO] IPUIPlugin:80 - create IPUIPlugin
2025-12-08 04:48:03,225 [INFO] PluginManager:220 - loadIPPluginJar : add dfsdm
2025-12-08 04:48:03,226 [INFO] IPUIPlugin:80 - create IPUIPlugin
2025-12-08 04:48:03,226 [INFO] PluginManager:220 - loadIPPluginJar : add usart
2025-12-08 04:48:03,247 [INFO] IPUIPlugin:80 - create IPUIPlugin
2025-12-08 04:48:03,247 [INFO] PluginManager:220 - loadIPPluginJar : add nvic
2025-12-08 04:48:03,251 [INFO] IPUIPlugin:80 - create IPUIPlugin
2025-12-08 04:48:03,251 [INFO] PluginManager:220 - loadIPPluginJar : add gic
2025-12-08 04:48:03,251 [INFO] IPUIPlugin:80 - create IPUIPlugin
2025-12-08 04:48:03,252 [INFO] PluginManager:220 - loadIPPluginJar : add quadspi
2025-12-08 04:48:03,253 [INFO] IPUIPlugin:80 - create IPUIPlugin
2025-12-08 04:48:03,253 [INFO] PluginManager:220 - loadIPPluginJar : add cryp
2025-12-08 04:48:03,255 [INFO] IPUIPlugin:80 - create IPUIPlugin
2025-12-08 04:48:03,255 [INFO] PluginManager:220 - loadIPPluginJar : add openamp
2025-12-08 04:48:03,256 [INFO] IPUIPlugin:80 - create IPUIPlugin
2025-12-08 04:48:03,256 [INFO] PluginManager:220 - loadIPPluginJar : add tim
2025-12-08 04:48:03,257 [INFO] IPUIPlugin:80 - create IPUIPlugin
2025-12-08 04:48:03,257 [INFO] PluginManager:220 - loadIPPluginJar : add ts
2025-12-08 04:48:03,371 [FATAL] Updater:351 - Updater called before beeing initialized
2025-12-08 04:48:03,420 [INFO] RulesReader:64 - Compatibility file has been processed (317 Rules)
2025-12-08 04:48:03,428 [INFO] RulesReader:64 - Compatibility file has been processed (317 Rules)
2025-12-08 04:48:03,433 [INFO] CADModel:165 - CPN selected for project level
2025-12-08 04:48:03,433 [INFO] CADModel:114 - Register for checkConnection events
2025-12-08 04:48:03,433 [FATAL] Updater:351 - Updater called before beeing initialized
2025-12-08 04:48:03,433 [ERROR] CADModel:125 - Updater not yet initialized, retry later 
2025-12-08 04:48:03,779 [FATAL] Updater:351 - Updater called before beeing initialized
2025-12-08 04:48:03,794 [INFO] CADModel:165 - CPN selected for project level
2025-12-08 04:48:03,794 [INFO] CADModel:114 - Register for checkConnection events
2025-12-08 04:48:03,794 [FATAL] Updater:351 - Updater called before beeing initialized
2025-12-08 04:48:03,794 [ERROR] CADModel:125 - Updater not yet initialized, retry later 
2025-12-08 04:48:03,796 [FATAL] Updater:351 - Updater called before beeing initialized
2025-12-08 04:48:03,865 [FATAL] Updater:351 - Updater called before beeing initialized
2025-12-08 04:48:03,881 [INFO] DbMcusAds:53 - JSON generation date=Mon Nov 10 17:43:01 ICT 2025 (1762771381096)
2025-12-08 04:48:03,881 [FATAL] Updater:351 - Updater called before beeing initialized
2025-12-08 04:48:04,052 [WARN] DetailPanel:346 - Failed to get advertising image, set to default
2025-12-08 04:48:04,107 [FATAL] Updater:351 - Updater called before beeing initialized
2025-12-08 04:48:04,109 [FATAL] Updater:351 - Updater called before beeing initialized
2025-12-08 04:48:04,109 [FATAL] Updater:351 - Updater called before beeing initialized
2025-12-08 04:48:04,109 [WARN] DetailPanel:346 - Failed to get advertising image, set to default
2025-12-08 04:48:04,110 [FATAL] Updater:351 - Updater called before beeing initialized
2025-12-08 04:48:04,186 [ERROR] Updater:1198 - MainUpdater not yet initialized. External WinMGr cannot be set.
2025-12-08 04:48:04,198 [INFO] Updater:1134 - Updater Version found : 6.15.0
2025-12-08 04:48:04,234 [INFO] ApplicationProperties:184 - Using Application install path: /opt/st/stm32cubeide_1.19.0/plugins/com.st.stm32cube.common.mx_6.15.0.202507011659
2025-12-08 04:48:04,462 [INFO] ThirdPartyUpdaterWithRetryManager:70 - Updater plugin not ready yet. [2/15]
2025-12-08 04:48:05,509 [INFO] MainUpdater:2872 - connection check result : 10
2025-12-08 04:48:05,509 [INFO] MainUpdater:289 - Updater Check For Update Now.
2025-12-08 04:48:05,509 [INFO] MicroXplorer:498 - Change Database Version : DB.6.0.150
2025-12-08 04:48:05,511 [INFO] McuFinderGlobals:63 - Set McuFinder mode to 2 (CubeIDE integrated)
2025-12-08 04:48:05,582 [INFO] UserAuth:487 - Internet connection configuration mode: 1
2025-12-08 04:48:05,806 [INFO] JxBrowserEngine:152 - Initiate JxBrowser Engine with user profile folder
2025-12-08 04:48:05,899 [INFO] CheckServerUpdateThread:120 - End of CheckServer Thread
2025-12-08 04:48:09,452 [WARN] PackLoader:240 - Cannot read IP mode file for STMicroelectronics.FP-SNS-MOTENVWB1.1.4.0
2025-12-08 04:48:09,471 [WARN] PackLoader:240 - Cannot read IP mode file for STMicroelectronics.FP-ATR-ASTRA1.2.0.2
2025-12-08 04:48:09,494 [WARN] PackLoader:240 - Cannot read IP mode file for STMicroelectronics.X-CUBE-SMBUS.2.1.0
2025-12-08 04:48:09,516 [WARN] PackLoader:240 - Cannot read IP mode file for STMicroelectronics.X-CUBE-ST60.1.0.0
2025-12-08 04:48:09,616 [WARN] PackLoader:240 - Cannot read IP mode file for STMicroelectronics.X-CUBE-AZRTOS-F7.1.1.0
2025-12-08 04:48:09,647 [WARN] PackLoader:240 - Cannot read IP mode file for Cesanta.I-CUBE-Mongoose.7.19.0
2025-12-08 04:48:09,677 [WARN] PackLoader:240 - Cannot read IP mode file for STMicroelectronics.FP-SNS-MOTENV1.5.1.0
2025-12-08 04:48:09,752 [WARN] PackLoader:240 - Cannot read IP mode file for WES.I-CUBE-Cesium.1.4.0
2025-12-08 04:48:09,811 [WARN] PackLoader:240 - Cannot read IP mode file for Infineon.AIROC-Wi-Fi-Bluetooth-STM32.1.7.1
2025-12-08 04:48:09,900 [WARN] PackLoader:240 - Cannot read IP mode file for STMicroelectronics.X-CUBE-AZRTOS-H7.3.4.0
2025-12-08 04:48:09,957 [WARN] PackLoader:240 - Cannot read IP mode file for STMicroelectronics.X-CUBE-DISPLAY.3.0.0
2025-12-08 04:48:10,029 [WARN] PackLoader:240 - Cannot read IP mode file for STMicroelectronics.X-CUBE-NFC10.1.0.0
2025-12-08 04:48:10,069 [WARN] PackLoader:240 - Cannot read IP mode file for STMicroelectronics.X-CUBE-ST60.1.1.0
2025-12-08 04:48:10,124 [WARN] PackLoader:240 - Cannot read IP mode file for emotas.I-CUBE-CANOPEN.1.3.0
2025-12-08 04:48:10,192 [WARN] PackLoader:240 - Cannot read IP mode file for STMicroelectronics.X-CUBE-GNSS1.7.1.0
2025-12-08 04:48:10,225 [WARN] PackLoader:240 - Cannot read IP mode file for STMicroelectronics.FP-SNS-STBOX1.2.1.0
2025-12-08 04:48:10,243 [WARN] PackLoader:240 - Cannot read IP mode file for STMicroelectronics.FP-SNS-SMARTAG2.1.2.0
2025-12-08 04:48:10,263 [WARN] PackLoader:240 - Cannot read IP mode file for STMicroelectronics.FP-SNS-FLIGHT1.5.1.0
2025-12-08 04:48:10,336 [INFO] LogOutputStream:77 - [STDOUT_REDIRECT] 1 : Invalid condition id : UX_CORESTACK_Condition cause : null
2025-12-08 04:48:10,336 [INFO] LogOutputStream:77 - [STDOUT_REDIRECT] 1 : Invalid condition id : UX_CORESTACK_Condition cause : null
2025-12-08 04:48:10,336 [INFO] LogOutputStream:77 - [STDOUT_REDIRECT] 1 : Invalid condition id : UX_CORESTACK_Condition cause : null
2025-12-08 04:48:10,336 [INFO] LogOutputStream:77 - [STDOUT_REDIRECT] 1 : Invalid condition id : UX_CORESTACK_Condition cause : null
2025-12-08 04:48:10,337 [INFO] LogOutputStream:77 - [STDOUT_REDIRECT] 1 : Invalid condition id : UX_CORESTACK_Condition cause : null
2025-12-08 04:48:10,337 [WARN] PackLoader:240 - Cannot read IP mode file for STMicroelectronics.X-CUBE-AZRTOS-WL.2.0.0
2025-12-08 04:48:10,356 [WARN] PackLoader:240 - Cannot read IP mode file for STMicroelectronics.FP-SNS-MOTENV1.5.0.0
2025-12-08 04:48:10,455 [WARN] PackLoader:240 - Cannot read IP mode file for STMicroelectronics.X-CUBE-AZRTOS-H7RS.1.2.0
2025-12-08 04:48:10,524 [WARN] PackLoader:240 - Cannot read IP mode file for STMicroelectronics.X-CUBE-BLE2.3.3.0
2025-12-08 04:48:10,634 [WARN] PackLoader:240 - Cannot read IP mode file for STMicroelectronics.X-CUBE-NFC9.1.0.0
2025-12-08 04:48:10,659 [WARN] PackLoader:240 - Cannot read IP mode file for wolfSSL.I-CUBE-wolfSSL.5.8.2
2025-12-08 04:48:10,708 [WARN] PackLoader:240 - Cannot read IP mode file for STMicroelectronics.X-CUBE-BLE1.7.1.0
2025-12-08 04:48:10,753 [WARN] PackLoader:240 - Cannot read IP mode file for wolfSSL.I-CUBE-wolfMQTT.1.19.2
2025-12-08 04:48:10,815 [WARN] PackLoader:240 - Cannot read IP mode file for STMicroelectronics.X-CUBE-FREERTOS.1.4.0
2025-12-08 04:48:10,838 [WARN] PackLoader:240 - Cannot read IP mode file for STMicroelectronics.X-CUBE-EEPRMA1.5.2.0
2025-12-08 04:48:10,880 [WARN] PackLoader:240 - Cannot read IP mode file for STMicroelectronics.X-CUBE-ST67W61.1.1.0
2025-12-08 04:48:10,971 [WARN] PackLoader:240 - Cannot read IP mode file for STMicroelectronics.X-CUBE-MEMS1.12.0.0
2025-12-08 04:48:11,032 [WARN] PackLoader:240 - Cannot read IP mode file for STMicroelectronics.X-CUBE-AZRTOS-G0.1.1.0
2025-12-08 04:48:11,065 [WARN] PackLoader:240 - Cannot read IP mode file for STMicroelectronics.X-CUBE-SAFEA1.1.2.2
2025-12-08 04:48:11,112 [WARN] PackLoader:240 - Cannot read IP mode file for STMicroelectronics.X-CUBE-NFC4.3.0.0
2025-12-08 04:48:11,139 [WARN] PackLoader:240 - Cannot read IP mode file for EmbeddedOffice.I-CUBE-FS-RTOS.1.0.1
2025-12-08 04:48:11,179 [WARN] PackLoader:240 - Cannot read IP mode file for STMicroelectronics.X-CUBE-WB05N.2.0.0
2025-12-08 04:48:11,217 [WARN] PackLoader:240 - Cannot read IP mode file for wolfSSL.I-CUBE-wolfTPM.3.8.0
2025-12-08 04:48:11,261 [WARN] PackLoader:240 - Cannot read IP mode file for STMicroelectronics.X-CUBE-TCPP.4.2.0
2025-12-08 04:48:11,300 [WARN] PackLoader:240 - Cannot read IP mode file for RealThread.X-CUBE-RT-Thread_Nano.4.1.1
2025-12-08 04:48:11,334 [WARN] PackLoader:240 - Cannot read IP mode file for STMicroelectronics.FP-ATR-SIGFOX1.3.2.0
2025-12-08 04:48:11,382 [WARN] PackLoader:240 - Cannot read IP mode file for ITTIA_DB.I-CUBE-ITTIADB.8.9.0
2025-12-08 04:48:11,416 [WARN] PackLoader:240 - Cannot read IP mode file for STMicroelectronics.X-CUBE-AI.10.2.0
2025-12-08 04:48:11,496 [WARN] PackLoader:240 - Cannot read IP mode file for SEGGER.I-CUBE-embOS.1.3.1
2025-12-08 04:48:11,537 [WARN] PackLoader:240 - Cannot read IP mode file for STMicroelectronics.X-CUBE-ALGOBUILD.1.4.0
2025-12-08 04:48:11,616 [WARN] PackLoader:240 - Cannot read IP mode file for STMicroelectronics.X-CUBE-MEMS1.11.3.0
2025-12-08 04:48:11,672 [WARN] PackLoader:240 - Cannot read IP mode file for STMicroelectronics.X-CUBE-PM33A1.1.0.0
2025-12-08 04:48:11,744 [WARN] PackLoader:240 - Cannot read IP mode file for STMicroelectronics.X-CUBE-AZRTOS-F4.1.1.0
2025-12-08 04:48:11,757 [WARN] PackLoader:240 - Cannot read IP mode file for STMicroelectronics.X-CUBE-ISPU.2.1.0
2025-12-08 04:48:11,801 [WARN] PackLoader:240 - Cannot read IP mode file for STMicroelectronics.X-CUBE-IPS.3.2.0
2025-12-08 04:48:11,839 [WARN] PackLoader:240 - Cannot read IP mode file for STMicroelectronics.X-CUBE-NFC12.1.0.0
2025-12-08 04:48:11,897 [WARN] PackLoader:240 - Cannot read IP mode file for STMicroelectronics.X-CUBE-AZRTOS-L5.2.0.0
2025-12-08 04:48:11,937 [WARN] PackLoader:240 - Cannot read IP mode file for STMicroelectronics.X-CUBE-NFC6.3.1.0
2025-12-08 04:48:11,976 [WARN] PackLoader:240 - Cannot read IP mode file for STMicroelectronics.X-CUBE-FREERTOS.1.3.1
2025-12-08 04:48:12,007 [WARN] PackLoader:240 - Cannot read IP mode file for STMicroelectronics.X-CUBE-TOUCHGFX.4.26.0
2025-12-08 04:48:12,049 [WARN] PackLoader:240 - Cannot read IP mode file for STMicroelectronics.FP-SNS-STAIOTCFT.1.0.0
2025-12-08 04:48:12,083 [WARN] PackLoader:240 - Cannot read IP mode file for STMicroelectronics.X-CUBE-DPower.1.3.0
2025-12-08 04:48:12,165 [WARN] ConditionMgr:438 - getConditionDescription Invalid condition id : LAN8742 Phy interface Condition cause : null
2025-12-08 04:48:12,165 [WARN] PackLoader:240 - Cannot read IP mode file for STMicroelectronics.X-CUBE-AZRTOS-L4.2.0.0
2025-12-08 04:48:12,166 [WARN] ConditionMgr:1044 - genDependencies : Invalid condition id : LAN8742 Phy interface Condition cause : null
2025-12-08 04:48:12,166 [WARN] ConditionMgr:1044 - genDependencies : Invalid condition id : LAN8742 Phy interface Condition cause : null
2025-12-08 04:48:12,166 [WARN] ConditionMgr:1044 - genDependencies : Invalid condition id : LAN8742 Phy interface Condition cause : null
2025-12-08 04:48:12,214 [WARN] PackLoader:240 - Cannot read IP mode file for STMicroelectronics.X-CUBE-SFXS2LP1.4.0.0
2025-12-08 04:48:12,237 [WARN] PackLoader:240 - Cannot read IP mode file for STMicroelectronics.X-CUBE-BLEMGR.4.1.0
2025-12-08 04:48:12,326 [WARN] ConditionMgr:438 - getConditionDescription Invalid condition id : UX DEVICE CLASS RTOS Condition cause : null
2025-12-08 04:48:12,326 [WARN] ConditionMgr:438 - getConditionDescription Invalid condition id : UX DEVICE CLASS RTOS Condition cause : null
2025-12-08 04:48:12,327 [WARN] PackLoader:240 - Cannot read IP mode file for STMicroelectronics.X-CUBE-AZRTOS-WB.2.0.0
2025-12-08 04:48:12,328 [WARN] ConditionMgr:1044 - genDependencies : Invalid condition id : UX DEVICE CLASS RTOS Condition cause : null
2025-12-08 04:48:12,328 [WARN] ConditionMgr:1044 - genDependencies : Invalid condition id : UX DEVICE CLASS RTOS Condition cause : null
2025-12-08 04:48:12,328 [WARN] ConditionMgr:1044 - genDependencies : Invalid condition id : UX DEVICE CLASS RTOS Condition cause : null
2025-12-08 04:48:12,328 [WARN] ConditionMgr:1044 - genDependencies : Invalid condition id : UX DEVICE CLASS RTOS Condition cause : null
2025-12-08 04:48:12,328 [WARN] ConditionMgr:1044 - genDependencies : Invalid condition id : UX DEVICE CLASS RTOS Condition cause : null
2025-12-08 04:48:12,369 [WARN] PackLoader:240 - Cannot read IP mode file for STMicroelectronics.X-CUBE-GNSS1.7.0.1
2025-12-08 04:48:12,409 [WARN] ConditionMgr:438 - getConditionDescription Invalid condition id : Cortex-A Device cause : null
2025-12-08 04:48:12,412 [WARN] ConditionMgr:1044 - genDependencies : Invalid condition id : Cortex-A Device cause : null
2025-12-08 04:48:12,412 [WARN] ConditionMgr:1044 - genDependencies : Invalid condition id : Cortex-A Device cause : null
2025-12-08 04:48:12,413 [WARN] ConditionMgr:1044 - genDependencies : Invalid condition id : Cortex-A Device cause : null
2025-12-08 04:48:12,498 [WARN] PackLoader:240 - Cannot read IP mode file for STMicroelectronics.X-CUBE-SUBG2.5.0.0
2025-12-08 04:48:12,603 [WARN] PackLoader:240 - Cannot read IP mode file for STMicroelectronics.X-CUBE-AZRTOS-H7RS.1.1.0
2025-12-08 04:48:12,701 [WARN] PackLoader:240 - Cannot read IP mode file for STMicroelectronics.X-CUBE-AZRTOS-G4.2.0.0
2025-12-08 04:48:12,747 [WARN] PackLoader:240 - Cannot read IP mode file for wolfSSL.I-CUBE-wolfSSH.1.4.20
2025-12-08 04:48:12,777 [WARN] PackLoader:240 - Cannot read IP mode file for STMicroelectronics.X-CUBE-NFC7.2.0.0
2025-12-08 04:48:12,811 [WARN] PackLoader:240 - Cannot read IP mode file for STMicroelectronics.X-CUBE-ALS.1.0.2
2025-12-08 04:48:12,876 [WARN] PackLoader:240 - Cannot read IP mode file for STMicroelectronics.X-CUBE-STSE01.1.0.0
2025-12-08 04:48:12,943 [WARN] PackLoader:240 - Cannot read IP mode file for STMicroelectronics.X-CUBE-TOF1.3.4.3
2025-12-08 04:48:12,947 [INFO] ThirdParty:978 - Integrity check success = true
2025-12-08 04:48:12,947 [INFO] IntegrityCheckThread:100 - exiting critical section [integrity check]
2025-12-08 04:48:12,947 [INFO] IntegrityCheckThread:103 - End integrity checks thread
2025-12-08 04:48:21,830 [INFO] WebApp:169 - Instantiating new browser for Auth
2025-12-08 04:48:26,084 [INFO] WebApp:463 - Apply proxy settings
2025-12-08 04:48:26,085 [INFO] WebApp:548 - Chromium requires no authentication
2025-12-08 04:48:26,108 [INFO] WebApp:491 - Direct internet connection detected
2025-12-08 04:48:26,269 [INFO] WebApp:900 - Register for checkConnection events
2025-12-08 04:48:26,270 [INFO] WebApp:463 - Apply proxy settings
2025-12-08 04:48:26,270 [INFO] WebApp:548 - Chromium requires no authentication
2025-12-08 04:48:26,270 [INFO] WebApp:491 - Direct internet connection detected
2025-12-08 04:48:26,677 [INFO] WebApp:191 - Connection restablished
2025-12-08 04:48:26,700 [INFO] WebApp:225 - Starting web application
2025-12-08 04:48:26,701 [INFO] WebApp:593 - Web application path used /opt/st/stm32cubeide_1.19.0/plugins/com.st.stm32cube.common.mx_6.15.0.202507011659/db/plugins/mcufinder/reactClient1/index.html
2025-12-08 04:48:27,358 [INFO] UserAuth:487 - Internet connection configuration mode: 1
2025-12-08 06:03:58,564 [ERROR] LogOutputStream:75 - [STDERR_REDIRECT] 
2025-12-08 18:22:29,193 [INFO] Activator:176 - 


2025-12-08 18:22:29,217 [INFO] Activator:177 - !SESSION log4j initialized
2025-12-08 18:22:46,416 [INFO] LogOutputStream:77 - [STDOUT_REDIRECT] 
2025-12-08 18:22:54,378 [INFO] ApplicationProperties:184 - Using Application install path: /opt/st/stm32cubeide_1.19.0/plugins/com.st.stm32cube.common.mx_6.15.0.202507011659
2025-12-08 18:22:54,445 [INFO] DbMcusXml:78 - Set database path to: /opt/st/stm32cubeide_1.19.0/plugins/com.st.stm32cube.common.mx_6.15.0.202507011659//db//mcu/
2025-12-08 18:22:54,445 [INFO] ApiDb:274 - Set plugin database path to: /opt/st/stm32cubeide_1.19.0/plugins/com.st.stm32cube.common.mx_6.15.0.202507011659//db//plugins/boardmanager/
2025-12-08 18:22:54,446 [WARN] ApiDb:259 - Overriding images path with different value:  => /opt/st/stm32cubeide_1.19.0/plugins/com.st.stm32cube.common.mx_6.15.0.202507011659//db//plugins/mcufinder/images/
2025-12-08 18:22:54,606 [INFO] ApiDb:250 - Set database path to: /home/natthanicha/.stmcufinder/plugins/mcufinder//mcu/
2025-12-08 18:22:54,637 [INFO] DbMcusAds:125 - Set database path to: /home/natthanicha/.stmcufinder/plugins/mcufinder//mcu/
2025-12-08 18:22:54,639 [INFO] CrossReferenceDbSqlite:203 - Set database path to: /home/natthanicha/.stmcufinder/plugins/mcufinder//mcu/cs/
2025-12-08 18:22:54,821 [INFO] RulesReader:64 - Compatibility file has been processed (317 Rules)
2025-12-08 18:22:55,061 [INFO] DbMcusXml:78 - Set database path to: /opt/st/stm32cubeide_1.19.0/plugins/com.st.stm32cube.common.mx_6.15.0.202507011659//db//mcu/
2025-12-08 18:22:55,061 [INFO] ApiDb:274 - Set plugin database path to: /opt/st/stm32cubeide_1.19.0/plugins/com.st.stm32cube.common.mx_6.15.0.202507011659//db//plugins/boardmanager/
2025-12-08 18:22:55,061 [INFO] ApiDb:261 - Set plugin images path to: /opt/st/stm32cubeide_1.19.0/plugins/com.st.stm32cube.common.mx_6.15.0.202507011659//db//plugins/mcufinder/images/
2025-12-08 18:22:55,062 [WARN] DbFile:41 - Overriding database path with different value: /home/natthanicha/.stmcufinder/plugins/mcufinder/ => /home/natthanicha/.stmcufinder/plugins/mcufinder
2025-12-08 18:22:55,062 [INFO] ApiDb:250 - Set database path to: /home/natthanicha/.stmcufinder/plugins/mcufinder//mcu/
2025-12-08 18:22:55,062 [WARN] DbFile:41 - Overriding database path with different value: /home/natthanicha/.stmcufinder/plugins/mcufinder/ => /home/natthanicha/.stmcufinder/plugins/mcufinder
2025-12-08 18:22:55,062 [INFO] DbMcusAds:125 - Set database path to: /home/natthanicha/.stmcufinder/plugins/mcufinder//mcu/
2025-12-08 18:22:55,062 [WARN] DbFile:41 - Overriding database path with different value: /home/natthanicha/.stmcufinder/plugins/mcufinder/ => /home/natthanicha/.stmcufinder/plugins/mcufinder
2025-12-08 18:22:55,062 [WARN] DbFile:41 - Overriding database path with different value: /home/natthanicha/.stmcufinder/plugins/mcufinder/ => /home/natthanicha/.stmcufinder/plugins/mcufinder
2025-12-08 18:22:55,062 [INFO] CrossReferenceDbSqlite:203 - Set database path to: /home/natthanicha/.stmcufinder/plugins/mcufinder//mcu/cs/
2025-12-08 18:22:55,274 [INFO] MainPanel:274 - HeapMemory: 268435456
2025-12-08 18:22:55,698 [INFO] DbMcusXml:78 - Set database path to: /opt/st/stm32cubeide_1.19.0/plugins/com.st.stm32cube.common.mx_6.15.0.202507011659//db//mcu/
2025-12-08 18:22:55,698 [INFO] ApiDb:274 - Set plugin database path to: /opt/st/stm32cubeide_1.19.0/plugins/com.st.stm32cube.common.mx_6.15.0.202507011659//db//plugins/boardmanager/
2025-12-08 18:22:55,698 [INFO] ApiDb:261 - Set plugin images path to: /opt/st/stm32cubeide_1.19.0/plugins/com.st.stm32cube.common.mx_6.15.0.202507011659//db//plugins/mcufinder/images/
2025-12-08 18:22:55,698 [WARN] DbFile:41 - Overriding database path with different value: /home/natthanicha/.stmcufinder/plugins/mcufinder/ => /home/natthanicha/.stmcufinder/plugins/mcufinder
2025-12-08 18:22:55,698 [INFO] ApiDb:250 - Set database path to: /home/natthanicha/.stmcufinder/plugins/mcufinder//mcu/
2025-12-08 18:22:55,698 [WARN] DbFile:41 - Overriding database path with different value: /home/natthanicha/.stmcufinder/plugins/mcufinder/ => /home/natthanicha/.stmcufinder/plugins/mcufinder
2025-12-08 18:22:55,698 [INFO] DbMcusAds:125 - Set database path to: /home/natthanicha/.stmcufinder/plugins/mcufinder//mcu/
2025-12-08 18:22:55,698 [WARN] DbFile:41 - Overriding database path with different value: /home/natthanicha/.stmcufinder/plugins/mcufinder/ => /home/natthanicha/.stmcufinder/plugins/mcufinder
2025-12-08 18:22:55,698 [WARN] DbFile:41 - Overriding database path with different value: /home/natthanicha/.stmcufinder/plugins/mcufinder/ => /home/natthanicha/.stmcufinder/plugins/mcufinder
2025-12-08 18:22:55,698 [INFO] CrossReferenceDbSqlite:203 - Set database path to: /home/natthanicha/.stmcufinder/plugins/mcufinder//mcu/cs/
2025-12-08 18:22:55,734 [INFO] ApplicationProperties:184 - Using Application install path: /opt/st/stm32cubeide_1.19.0/plugins/com.st.stm32cube.common.mx_6.15.0.202507011659
2025-12-08 18:22:55,735 [INFO] PluginManage:196 - Search for loadable plugins [exclusion list=, ]
2025-12-08 18:22:55,736 [INFO] PluginManage:310 - Check plugin analytics
2025-12-08 18:22:55,995 [INFO] AnalyticsPlugin:253 - Accepted Software Licenses: 
2025-12-08 18:22:55,995 [INFO] AnalyticsPlugin:255 - Accepted CMSIS Pack Licenses: 
2025-12-08 18:22:55,995 [INFO] AnalyticsPlugin:257 - Accepted Firmware Licenses: FW.G4.1.6.0
2025-12-08 18:22:55,996 [INFO] PluginManage:359 - Loaded plugin analytics (category:tool,tabindex:-1)
2025-12-08 18:22:55,996 [INFO] PluginManage:310 - Check plugin cadmodel
2025-12-08 18:22:56,076 [INFO] CADModel:105 - Init CAD model plugin
2025-12-08 18:22:56,076 [INFO] PluginManage:359 - Loaded plugin cadmodel (category:power,tabindex:5)
2025-12-08 18:22:56,077 [INFO] PluginManage:310 - Check plugin clock
2025-12-08 18:22:56,154 [INFO] PluginManage:359 - Loaded plugin clock (category:base,tabindex:2)
2025-12-08 18:22:56,154 [INFO] PluginManage:310 - Check plugin ddr
2025-12-08 18:22:56,171 [INFO] PluginManage:359 - Loaded plugin ddr (category:tool,tabindex:6)
2025-12-08 18:22:56,172 [INFO] PluginManage:310 - Check plugin filemanager
2025-12-08 18:22:56,483 [INFO] PluginManage:359 - Loaded plugin filemanager (category:base,tabindex:10)
2025-12-08 18:22:56,483 [INFO] PluginManage:310 - Check plugin ipmanager
2025-12-08 18:22:56,511 [INFO] PluginManage:359 - Loaded plugin ipmanager (category:base,tabindex:5)
2025-12-08 18:22:56,512 [INFO] PluginManage:310 - Check plugin lpbam
2025-12-08 18:22:56,517 [INFO] PluginManage:359 - Loaded plugin lpbam (category:base,tabindex:0)
2025-12-08 18:22:56,517 [INFO] PluginManage:310 - Check plugin memorymap
2025-12-08 18:22:56,564 [INFO] PluginManage:359 - Loaded plugin memorymap (category:base,tabindex:4)
2025-12-08 18:22:56,564 [INFO] PluginManage:310 - Check plugin pinoutandconfiguration
2025-12-08 18:22:56,591 [INFO] PluginManage:359 - Loaded plugin pinoutandconfiguration (category:base,tabindex:1)
2025-12-08 18:22:56,592 [INFO] PluginManage:310 - Check plugin pinoutconfig
2025-12-08 18:22:56,737 [WARN] SupportedApi:132 - Cannot load RTOS API schema: s4s-elt-must-match.1: The content of 'definitions' must match (annotation?, (simpleType | complexType)?, (unique | key | keyref)*)). A problem was found starting at: attribute.
2025-12-08 18:22:56,954 [INFO] PluginManage:359 - Loaded plugin pinoutconfig (category:base,tabindex:0)
2025-12-08 18:22:56,954 [INFO] PluginManage:310 - Check plugin power
2025-12-08 18:22:57,002 [INFO] PluginManage:359 - Loaded plugin power (category:power,tabindex:4)
2025-12-08 18:22:57,002 [INFO] PluginManage:310 - Check plugin projectmanager
2025-12-08 18:22:57,033 [INFO] PluginManage:359 - Loaded plugin projectmanager (category:projectmanager,tabindex:4)
2025-12-08 18:22:57,033 [INFO] PluginManage:310 - Check plugin rif
2025-12-08 18:22:57,055 [INFO] PluginManage:359 - Loaded plugin rif (category:base,tabindex:3)
2025-12-08 18:22:57,055 [INFO] PluginManage:310 - Check plugin thirdparty
2025-12-08 18:22:57,286 [INFO] PluginManage:359 - Loaded plugin thirdparty (category:base,tabindex:-1)
2025-12-08 18:22:57,286 [WARN] IntegrityCheckThread:84 - waiting for thirdparty lock release [integrity check]
2025-12-08 18:22:57,286 [INFO] PluginManage:310 - Check plugin tools
2025-12-08 18:22:57,286 [INFO] IntegrityCheckThread:86 - entering critical section [integrity check]
2025-12-08 18:22:57,286 [INFO] ThirdPartyUpdaterWithRetryManager:70 - Updater plugin not ready yet. [1/15]
2025-12-08 18:22:57,310 [INFO] PluginManage:359 - Loaded plugin tools (category:base,tabindex:7)
2025-12-08 18:22:57,310 [INFO] PluginManage:310 - Check plugin tutovideos
2025-12-08 18:22:57,529 [INFO] PluginManage:359 - Loaded plugin tutovideos (category:base,tabindex:-1)
2025-12-08 18:22:57,530 [INFO] PluginManage:310 - Check plugin updater
2025-12-08 18:22:57,565 [INFO] PluginManage:359 - Loaded plugin updater (category:base,tabindex:12)
2025-12-08 18:22:57,565 [INFO] PluginManage:310 - Check plugin userauth
2025-12-08 18:22:57,592 [INFO] UserAuth:118 - Init User Auth plugin
2025-12-08 18:22:57,592 [INFO] PluginManage:359 - Loaded plugin userauth (category:base,tabindex:14)
2025-12-08 18:22:57,592 [INFO] PluginManage:283 - PluginManage : Loaded plugins [18]
2025-12-08 18:22:58,155 [INFO] PinOutPanel:1589 - setPackage(No Configuration,No Configuration)
2025-12-08 18:22:58,330 [INFO] CADModel:165 - CPN selected for project level
2025-12-08 18:22:58,330 [INFO] CADModel:114 - Register for checkConnection events
2025-12-08 18:22:58,424 [INFO] IPUIPlugin:80 - create IPUIPlugin
2025-12-08 18:22:58,424 [INFO] PluginManager:220 - loadIPPluginJar : add gfxmmu
2025-12-08 18:22:58,446 [INFO] IPUIPlugin:80 - create IPUIPlugin
2025-12-08 18:22:58,446 [INFO] PluginManager:220 - loadIPPluginJar : add spi
2025-12-08 18:22:58,502 [INFO] IPUIPlugin:80 - create IPUIPlugin
2025-12-08 18:22:58,502 [INFO] PluginManager:220 - loadIPPluginJar : add linkedlist
2025-12-08 18:22:58,507 [INFO] IPUIPlugin:80 - create IPUIPlugin
2025-12-08 18:22:58,507 [INFO] PluginManager:220 - loadIPPluginJar : add stm32_wpan
2025-12-08 18:22:58,532 [INFO] IPUIPlugin:80 - create IPUIPlugin
2025-12-08 18:22:58,532 [INFO] PluginManager:220 - loadIPPluginJar : add resmgrutility
2025-12-08 18:22:58,535 [INFO] IPUIPlugin:80 - create IPUIPlugin
2025-12-08 18:22:58,535 [INFO] PluginManager:220 - loadIPPluginJar : add gpio
2025-12-08 18:22:58,536 [INFO] IPUIPlugin:80 - create IPUIPlugin
2025-12-08 18:22:58,536 [INFO] PluginManager:220 - loadIPPluginJar : add ucpd
2025-12-08 18:22:58,573 [INFO] IPUIPlugin:80 - create IPUIPlugin
2025-12-08 18:22:58,574 [INFO] PluginManager:220 - loadIPPluginJar : add dma3
2025-12-08 18:22:58,575 [INFO] IPUIPlugin:80 - create IPUIPlugin
2025-12-08 18:22:58,575 [INFO] PluginManager:220 - loadIPPluginJar : add i2s
2025-12-08 18:22:58,598 [INFO] IPUIPlugin:80 - create IPUIPlugin
2025-12-08 18:22:58,599 [INFO] PluginManager:220 - loadIPPluginJar : add mdma
2025-12-08 18:22:58,599 [INFO] IPUIPlugin:80 - create IPUIPlugin
2025-12-08 18:22:58,599 [INFO] PluginManager:220 - loadIPPluginJar : add tsc
2025-12-08 18:22:58,601 [INFO] IPUIPlugin:80 - create IPUIPlugin
2025-12-08 18:22:58,601 [INFO] PluginManager:220 - loadIPPluginJar : add lorawan
2025-12-08 18:22:58,602 [INFO] IPUIPlugin:80 - create IPUIPlugin
2025-12-08 18:22:58,602 [INFO] PluginManager:220 - loadIPPluginJar : add extmemmanager
2025-12-08 18:22:58,615 [INFO] IPUIPlugin:80 - create IPUIPlugin
2025-12-08 18:22:58,615 [INFO] PluginManager:220 - loadIPPluginJar : add adc
2025-12-08 18:22:58,628 [INFO] IPUIPlugin:80 - create IPUIPlugin
2025-12-08 18:22:58,629 [INFO] PluginManager:220 - loadIPPluginJar : add radio
2025-12-08 18:22:58,631 [INFO] IPUIPlugin:80 - create IPUIPlugin
2025-12-08 18:22:58,631 [INFO] PluginManager:220 - loadIPPluginJar : add sai
2025-12-08 18:22:58,640 [INFO] IPUIPlugin:80 - create IPUIPlugin
2025-12-08 18:22:58,640 [INFO] PluginManager:220 - loadIPPluginJar : add genericplugin
2025-12-08 18:22:58,641 [INFO] IPUIPlugin:80 - create IPUIPlugin
2025-12-08 18:22:58,641 [INFO] PluginManager:220 - loadIPPluginJar : add i2c
2025-12-08 18:22:58,675 [INFO] IPUIPlugin:80 - create IPUIPlugin
2025-12-08 18:22:58,675 [INFO] PluginManager:220 - loadIPPluginJar : add ddr_ctrl_phy
2025-12-08 18:22:58,676 [INFO] IPUIPlugin:80 - create IPUIPlugin
2025-12-08 18:22:58,676 [INFO] PluginManager:220 - loadIPPluginJar : add gtzc
2025-12-08 18:22:58,678 [INFO] IPUIPlugin:80 - create IPUIPlugin
2025-12-08 18:22:58,678 [INFO] PluginManager:220 - loadIPPluginJar : add usbx
2025-12-08 18:22:58,682 [INFO] IPUIPlugin:80 - create IPUIPlugin
2025-12-08 18:22:58,682 [INFO] PluginManager:220 - loadIPPluginJar : add freertos
2025-12-08 18:22:58,684 [INFO] IPUIPlugin:80 - create IPUIPlugin
2025-12-08 18:22:58,684 [INFO] PluginManager:220 - loadIPPluginJar : add pdm2pcm
2025-12-08 18:22:58,684 [INFO] IPUIPlugin:80 - create IPUIPlugin
2025-12-08 18:22:58,684 [INFO] PluginManager:220 - loadIPPluginJar : add fatfs
2025-12-08 18:22:58,692 [INFO] IPUIPlugin:80 - create IPUIPlugin
2025-12-08 18:22:58,692 [INFO] PluginManager:220 - loadIPPluginJar : add ipddr
2025-12-08 18:22:58,698 [INFO] IPUIPlugin:80 - create IPUIPlugin
2025-12-08 18:22:58,699 [INFO] PluginManager:220 - loadIPPluginJar : add aes
2025-12-08 18:22:58,702 [INFO] IPUIPlugin:80 - create IPUIPlugin
2025-12-08 18:22:58,702 [INFO] PluginManager:220 - loadIPPluginJar : add fmc
2025-12-08 18:22:58,704 [INFO] IPUIPlugin:80 - create IPUIPlugin
2025-12-08 18:22:58,704 [INFO] PluginManager:220 - loadIPPluginJar : add i3c
2025-12-08 18:22:58,706 [INFO] IPUIPlugin:80 - create IPUIPlugin
2025-12-08 18:22:58,706 [INFO] PluginManager:220 - loadIPPluginJar : add touchsensing
2025-12-08 18:22:58,708 [INFO] IPUIPlugin:80 - create IPUIPlugin
2025-12-08 18:22:58,708 [INFO] PluginManager:220 - loadIPPluginJar : add opamp
2025-12-08 18:22:58,709 [INFO] IPUIPlugin:80 - create IPUIPlugin
2025-12-08 18:22:58,709 [INFO] PluginManager:220 - loadIPPluginJar : add tracer_emb
2025-12-08 18:22:58,735 [INFO] IPUIPlugin:80 - create IPUIPlugin
2025-12-08 18:22:58,735 [INFO] PluginManager:220 - loadIPPluginJar : add dma
2025-12-08 18:22:58,736 [INFO] IPUIPlugin:80 - create IPUIPlugin
2025-12-08 18:22:58,736 [INFO] PluginManager:220 - loadIPPluginJar : add ltdc
2025-12-08 18:22:58,737 [INFO] IPUIPlugin:80 - create IPUIPlugin
2025-12-08 18:22:58,737 [INFO] PluginManager:220 - loadIPPluginJar : add hash
2025-12-08 18:22:58,752 [INFO] IPUIPlugin:80 - create IPUIPlugin
2025-12-08 18:22:58,754 [INFO] PluginManager:220 - loadIPPluginJar : add plateformsettings
2025-12-08 18:22:58,755 [INFO] IPUIPlugin:80 - create IPUIPlugin
2025-12-08 18:22:58,755 [INFO] PluginManager:220 - loadIPPluginJar : add comp
2025-12-08 18:22:58,756 [INFO] IPUIPlugin:80 - create IPUIPlugin
2025-12-08 18:22:58,756 [INFO] PluginManager:220 - loadIPPluginJar : add can
2025-12-08 18:22:58,757 [INFO] IPUIPlugin:80 - create IPUIPlugin
2025-12-08 18:22:58,757 [INFO] PluginManager:220 - loadIPPluginJar : add dfsdm
2025-12-08 18:22:58,758 [INFO] IPUIPlugin:80 - create IPUIPlugin
2025-12-08 18:22:58,758 [INFO] PluginManager:220 - loadIPPluginJar : add usart
2025-12-08 18:22:58,779 [INFO] IPUIPlugin:80 - create IPUIPlugin
2025-12-08 18:22:58,779 [INFO] PluginManager:220 - loadIPPluginJar : add nvic
2025-12-08 18:22:58,784 [INFO] IPUIPlugin:80 - create IPUIPlugin
2025-12-08 18:22:58,784 [INFO] PluginManager:220 - loadIPPluginJar : add gic
2025-12-08 18:22:58,785 [INFO] IPUIPlugin:80 - create IPUIPlugin
2025-12-08 18:22:58,785 [INFO] PluginManager:220 - loadIPPluginJar : add quadspi
2025-12-08 18:22:58,786 [INFO] IPUIPlugin:80 - create IPUIPlugin
2025-12-08 18:22:58,786 [INFO] PluginManager:220 - loadIPPluginJar : add cryp
2025-12-08 18:22:58,787 [INFO] IPUIPlugin:80 - create IPUIPlugin
2025-12-08 18:22:58,787 [INFO] PluginManager:220 - loadIPPluginJar : add openamp
2025-12-08 18:22:58,788 [INFO] IPUIPlugin:80 - create IPUIPlugin
2025-12-08 18:22:58,788 [INFO] PluginManager:220 - loadIPPluginJar : add tim
2025-12-08 18:22:58,789 [INFO] IPUIPlugin:80 - create IPUIPlugin
2025-12-08 18:22:58,789 [INFO] PluginManager:220 - loadIPPluginJar : add ts
2025-12-08 18:22:58,891 [FATAL] Updater:351 - Updater called before beeing initialized
2025-12-08 18:22:58,943 [INFO] RulesReader:64 - Compatibility file has been processed (317 Rules)
2025-12-08 18:22:58,951 [INFO] RulesReader:64 - Compatibility file has been processed (317 Rules)
2025-12-08 18:22:58,956 [INFO] CADModel:165 - CPN selected for project level
2025-12-08 18:22:58,957 [INFO] CADModel:114 - Register for checkConnection events
2025-12-08 18:22:58,957 [FATAL] Updater:351 - Updater called before beeing initialized
2025-12-08 18:22:58,957 [ERROR] CADModel:125 - Updater not yet initialized, retry later 
2025-12-08 18:22:59,212 [FATAL] Updater:351 - Updater called before beeing initialized
2025-12-08 18:22:59,226 [INFO] CADModel:165 - CPN selected for project level
2025-12-08 18:22:59,226 [INFO] CADModel:114 - Register for checkConnection events
2025-12-08 18:22:59,226 [FATAL] Updater:351 - Updater called before beeing initialized
2025-12-08 18:22:59,226 [ERROR] CADModel:125 - Updater not yet initialized, retry later 
2025-12-08 18:22:59,229 [FATAL] Updater:351 - Updater called before beeing initialized
2025-12-08 18:22:59,295 [FATAL] Updater:351 - Updater called before beeing initialized
2025-12-08 18:22:59,314 [INFO] DbMcusAds:53 - JSON generation date=Mon Nov 10 17:43:01 ICT 2025 (1762771381096)
2025-12-08 18:22:59,314 [FATAL] Updater:351 - Updater called before beeing initialized
2025-12-08 18:22:59,489 [WARN] DetailPanel:346 - Failed to get advertising image, set to default
2025-12-08 18:22:59,555 [FATAL] Updater:351 - Updater called before beeing initialized
2025-12-08 18:22:59,556 [FATAL] Updater:351 - Updater called before beeing initialized
2025-12-08 18:22:59,557 [FATAL] Updater:351 - Updater called before beeing initialized
2025-12-08 18:22:59,557 [WARN] DetailPanel:346 - Failed to get advertising image, set to default
2025-12-08 18:22:59,557 [FATAL] Updater:351 - Updater called before beeing initialized
2025-12-08 18:22:59,630 [ERROR] Updater:1198 - MainUpdater not yet initialized. External WinMGr cannot be set.
2025-12-08 18:22:59,643 [INFO] Updater:1134 - Updater Version found : 6.15.0
2025-12-08 18:22:59,684 [INFO] ApplicationProperties:184 - Using Application install path: /opt/st/stm32cubeide_1.19.0/plugins/com.st.stm32cube.common.mx_6.15.0.202507011659
2025-12-08 18:23:00,287 [INFO] ThirdPartyUpdaterWithRetryManager:70 - Updater plugin not ready yet. [2/15]
2025-12-08 18:23:00,364 [INFO] MainUpdater:2872 - connection check result : 10
2025-12-08 18:23:00,365 [INFO] MainUpdater:289 - Updater Check For Update Now.
2025-12-08 18:23:00,365 [INFO] MicroXplorer:498 - Change Database Version : DB.6.0.150
2025-12-08 18:23:00,369 [INFO] McuFinderGlobals:63 - Set McuFinder mode to 2 (CubeIDE integrated)
2025-12-08 18:23:00,427 [INFO] UserAuth:487 - Internet connection configuration mode: 1
2025-12-08 18:23:00,639 [INFO] JxBrowserEngine:152 - Initiate JxBrowser Engine with user profile folder
2025-12-08 18:23:00,732 [INFO] CheckServerUpdateThread:120 - End of CheckServer Thread
2025-12-08 18:23:06,755 [WARN] PackLoader:240 - Cannot read IP mode file for STMicroelectronics.FP-SNS-MOTENVWB1.1.4.0
2025-12-08 18:23:06,804 [WARN] PackLoader:240 - Cannot read IP mode file for STMicroelectronics.FP-ATR-ASTRA1.2.0.2
2025-12-08 18:23:06,863 [WARN] PackLoader:240 - Cannot read IP mode file for STMicroelectronics.X-CUBE-SMBUS.2.1.0
2025-12-08 18:23:06,910 [WARN] PackLoader:240 - Cannot read IP mode file for STMicroelectronics.X-CUBE-ST60.1.0.0
2025-12-08 18:23:07,062 [WARN] PackLoader:240 - Cannot read IP mode file for STMicroelectronics.X-CUBE-AZRTOS-F7.1.1.0
2025-12-08 18:23:07,100 [WARN] PackLoader:240 - Cannot read IP mode file for Cesanta.I-CUBE-Mongoose.7.19.0
2025-12-08 18:23:07,190 [WARN] PackLoader:240 - Cannot read IP mode file for STMicroelectronics.FP-SNS-MOTENV1.5.1.0
2025-12-08 18:23:07,275 [WARN] PackLoader:240 - Cannot read IP mode file for WES.I-CUBE-Cesium.1.4.0
2025-12-08 18:23:07,393 [WARN] PackLoader:240 - Cannot read IP mode file for Infineon.AIROC-Wi-Fi-Bluetooth-STM32.1.7.1
2025-12-08 18:23:07,459 [WARN] PackLoader:240 - Cannot read IP mode file for STMicroelectronics.X-CUBE-AZRTOS-H7.3.4.0
2025-12-08 18:23:07,529 [WARN] PackLoader:240 - Cannot read IP mode file for STMicroelectronics.X-CUBE-DISPLAY.3.0.0
2025-12-08 18:23:07,684 [WARN] PackLoader:240 - Cannot read IP mode file for STMicroelectronics.X-CUBE-NFC10.1.0.0
2025-12-08 18:23:07,725 [WARN] PackLoader:240 - Cannot read IP mode file for STMicroelectronics.X-CUBE-ST60.1.1.0
2025-12-08 18:23:07,828 [WARN] PackLoader:240 - Cannot read IP mode file for emotas.I-CUBE-CANOPEN.1.3.0
2025-12-08 18:23:07,891 [WARN] PackLoader:240 - Cannot read IP mode file for STMicroelectronics.X-CUBE-GNSS1.7.1.0
2025-12-08 18:23:07,952 [WARN] PackLoader:240 - Cannot read IP mode file for STMicroelectronics.FP-SNS-STBOX1.2.1.0
2025-12-08 18:23:07,993 [WARN] PackLoader:240 - Cannot read IP mode file for STMicroelectronics.FP-SNS-SMARTAG2.1.2.0
2025-12-08 18:23:08,017 [WARN] PackLoader:240 - Cannot read IP mode file for STMicroelectronics.FP-SNS-FLIGHT1.5.1.0
2025-12-08 18:23:08,084 [INFO] LogOutputStream:77 - [STDOUT_REDIRECT] 1 : Invalid condition id : UX_CORESTACK_Condition cause : null
2025-12-08 18:23:08,084 [INFO] LogOutputStream:77 - [STDOUT_REDIRECT] 1 : Invalid condition id : UX_CORESTACK_Condition cause : null
2025-12-08 18:23:08,085 [INFO] LogOutputStream:77 - [STDOUT_REDIRECT] 1 : Invalid condition id : UX_CORESTACK_Condition cause : null
2025-12-08 18:23:08,085 [INFO] LogOutputStream:77 - [STDOUT_REDIRECT] 1 : Invalid condition id : UX_CORESTACK_Condition cause : null
2025-12-08 18:23:08,085 [INFO] LogOutputStream:77 - [STDOUT_REDIRECT] 1 : Invalid condition id : UX_CORESTACK_Condition cause : null
2025-12-08 18:23:08,086 [WARN] PackLoader:240 - Cannot read IP mode file for STMicroelectronics.X-CUBE-AZRTOS-WL.2.0.0
2025-12-08 18:23:08,088 [WARN] PackLoader:240 - Cannot read IP mode file for STMicroelectronics.FP-SNS-MOTENV1.5.0.0
2025-12-08 18:23:08,207 [WARN] PackLoader:240 - Cannot read IP mode file for STMicroelectronics.X-CUBE-AZRTOS-H7RS.1.2.0
2025-12-08 18:23:08,255 [WARN] PackLoader:240 - Cannot read IP mode file for STMicroelectronics.X-CUBE-BLE2.3.3.0
2025-12-08 18:23:08,375 [WARN] PackLoader:240 - Cannot read IP mode file for STMicroelectronics.X-CUBE-NFC9.1.0.0
2025-12-08 18:23:08,413 [WARN] PackLoader:240 - Cannot read IP mode file for wolfSSL.I-CUBE-wolfSSL.5.8.2
2025-12-08 18:23:08,481 [WARN] PackLoader:240 - Cannot read IP mode file for STMicroelectronics.X-CUBE-BLE1.7.1.0
2025-12-08 18:23:08,509 [WARN] PackLoader:240 - Cannot read IP mode file for wolfSSL.I-CUBE-wolfMQTT.1.19.2
2025-12-08 18:23:08,540 [WARN] PackLoader:240 - Cannot read IP mode file for STMicroelectronics.X-CUBE-FREERTOS.1.4.0
2025-12-08 18:23:08,643 [WARN] PackLoader:240 - Cannot read IP mode file for STMicroelectronics.X-CUBE-EEPRMA1.5.2.0
2025-12-08 18:23:08,701 [WARN] PackLoader:240 - Cannot read IP mode file for STMicroelectronics.X-CUBE-ST67W61.1.1.0
2025-12-08 18:23:08,834 [WARN] PackLoader:240 - Cannot read IP mode file for STMicroelectronics.X-CUBE-MEMS1.12.0.0
2025-12-08 18:23:08,960 [WARN] PackLoader:240 - Cannot read IP mode file for STMicroelectronics.X-CUBE-AZRTOS-G0.1.1.0
2025-12-08 18:23:08,998 [WARN] PackLoader:240 - Cannot read IP mode file for STMicroelectronics.X-CUBE-SAFEA1.1.2.2
2025-12-08 18:23:09,034 [WARN] PackLoader:240 - Cannot read IP mode file for STMicroelectronics.X-CUBE-NFC4.3.0.0
2025-12-08 18:23:09,087 [WARN] PackLoader:240 - Cannot read IP mode file for EmbeddedOffice.I-CUBE-FS-RTOS.1.0.1
2025-12-08 18:23:09,136 [WARN] PackLoader:240 - Cannot read IP mode file for STMicroelectronics.X-CUBE-WB05N.2.0.0
2025-12-08 18:23:09,181 [WARN] PackLoader:240 - Cannot read IP mode file for wolfSSL.I-CUBE-wolfTPM.3.8.0
2025-12-08 18:23:09,251 [WARN] PackLoader:240 - Cannot read IP mode file for STMicroelectronics.X-CUBE-TCPP.4.2.0
2025-12-08 18:23:09,283 [WARN] PackLoader:240 - Cannot read IP mode file for RealThread.X-CUBE-RT-Thread_Nano.4.1.1
2025-12-08 18:23:09,316 [WARN] PackLoader:240 - Cannot read IP mode file for STMicroelectronics.FP-ATR-SIGFOX1.3.2.0
2025-12-08 18:23:09,347 [WARN] PackLoader:240 - Cannot read IP mode file for ITTIA_DB.I-CUBE-ITTIADB.8.9.0
2025-12-08 18:23:09,409 [WARN] PackLoader:240 - Cannot read IP mode file for STMicroelectronics.X-CUBE-AI.10.2.0
2025-12-08 18:23:09,500 [WARN] PackLoader:240 - Cannot read IP mode file for SEGGER.I-CUBE-embOS.1.3.1
2025-12-08 18:23:09,554 [WARN] PackLoader:240 - Cannot read IP mode file for STMicroelectronics.X-CUBE-ALGOBUILD.1.4.0
2025-12-08 18:23:09,631 [WARN] PackLoader:240 - Cannot read IP mode file for STMicroelectronics.X-CUBE-MEMS1.11.3.0
2025-12-08 18:23:09,698 [WARN] PackLoader:240 - Cannot read IP mode file for STMicroelectronics.X-CUBE-PM33A1.1.0.0
2025-12-08 18:23:09,772 [WARN] PackLoader:240 - Cannot read IP mode file for STMicroelectronics.X-CUBE-AZRTOS-F4.1.1.0
2025-12-08 18:23:09,791 [WARN] PackLoader:240 - Cannot read IP mode file for STMicroelectronics.X-CUBE-ISPU.2.1.0
2025-12-08 18:23:09,857 [WARN] PackLoader:240 - Cannot read IP mode file for STMicroelectronics.X-CUBE-IPS.3.2.0
2025-12-08 18:23:09,927 [WARN] PackLoader:240 - Cannot read IP mode file for STMicroelectronics.X-CUBE-NFC12.1.0.0
2025-12-08 18:23:09,978 [WARN] PackLoader:240 - Cannot read IP mode file for STMicroelectronics.X-CUBE-AZRTOS-L5.2.0.0
2025-12-08 18:23:10,032 [WARN] PackLoader:240 - Cannot read IP mode file for STMicroelectronics.X-CUBE-NFC6.3.1.0
2025-12-08 18:23:10,098 [WARN] PackLoader:240 - Cannot read IP mode file for STMicroelectronics.X-CUBE-FREERTOS.1.3.1
2025-12-08 18:23:10,125 [WARN] PackLoader:240 - Cannot read IP mode file for STMicroelectronics.X-CUBE-TOUCHGFX.4.26.0
2025-12-08 18:23:10,168 [WARN] PackLoader:240 - Cannot read IP mode file for STMicroelectronics.FP-SNS-STAIOTCFT.1.0.0
2025-12-08 18:23:10,207 [WARN] PackLoader:240 - Cannot read IP mode file for STMicroelectronics.X-CUBE-DPower.1.3.0
2025-12-08 18:23:10,284 [WARN] ConditionMgr:438 - getConditionDescription Invalid condition id : LAN8742 Phy interface Condition cause : null
2025-12-08 18:23:10,285 [WARN] PackLoader:240 - Cannot read IP mode file for STMicroelectronics.X-CUBE-AZRTOS-L4.2.0.0
2025-12-08 18:23:10,285 [WARN] ConditionMgr:1044 - genDependencies : Invalid condition id : LAN8742 Phy interface Condition cause : null
2025-12-08 18:23:10,285 [WARN] ConditionMgr:1044 - genDependencies : Invalid condition id : LAN8742 Phy interface Condition cause : null
2025-12-08 18:23:10,285 [WARN] ConditionMgr:1044 - genDependencies : Invalid condition id : LAN8742 Phy interface Condition cause : null
2025-12-08 18:23:10,313 [WARN] PackLoader:240 - Cannot read IP mode file for STMicroelectronics.X-CUBE-SFXS2LP1.4.0.0
2025-12-08 18:23:10,354 [WARN] PackLoader:240 - Cannot read IP mode file for STMicroelectronics.X-CUBE-BLEMGR.4.1.0
2025-12-08 18:23:10,459 [WARN] ConditionMgr:438 - getConditionDescription Invalid condition id : UX DEVICE CLASS RTOS Condition cause : null
2025-12-08 18:23:10,459 [WARN] ConditionMgr:438 - getConditionDescription Invalid condition id : UX DEVICE CLASS RTOS Condition cause : null
2025-12-08 18:23:10,462 [WARN] PackLoader:240 - Cannot read IP mode file for STMicroelectronics.X-CUBE-AZRTOS-WB.2.0.0
2025-12-08 18:23:10,462 [WARN] ConditionMgr:1044 - genDependencies : Invalid condition id : UX DEVICE CLASS RTOS Condition cause : null
2025-12-08 18:23:10,462 [WARN] ConditionMgr:1044 - genDependencies : Invalid condition id : UX DEVICE CLASS RTOS Condition cause : null
2025-12-08 18:23:10,462 [WARN] ConditionMgr:1044 - genDependencies : Invalid condition id : UX DEVICE CLASS RTOS Condition cause : null
2025-12-08 18:23:10,462 [WARN] ConditionMgr:1044 - genDependencies : Invalid condition id : UX DEVICE CLASS RTOS Condition cause : null
2025-12-08 18:23:10,462 [WARN] ConditionMgr:1044 - genDependencies : Invalid condition id : UX DEVICE CLASS RTOS Condition cause : null
2025-12-08 18:23:10,475 [WARN] PackLoader:240 - Cannot read IP mode file for STMicroelectronics.X-CUBE-GNSS1.7.0.1
2025-12-08 18:23:10,491 [WARN] ConditionMgr:438 - getConditionDescription Invalid condition id : Cortex-A Device cause : null
2025-12-08 18:23:10,494 [WARN] ConditionMgr:1044 - genDependencies : Invalid condition id : Cortex-A Device cause : null
2025-12-08 18:23:10,494 [WARN] ConditionMgr:1044 - genDependencies : Invalid condition id : Cortex-A Device cause : null
2025-12-08 18:23:10,494 [WARN] ConditionMgr:1044 - genDependencies : Invalid condition id : Cortex-A Device cause : null
2025-12-08 18:23:10,549 [WARN] PackLoader:240 - Cannot read IP mode file for STMicroelectronics.X-CUBE-SUBG2.5.0.0
2025-12-08 18:23:10,677 [WARN] PackLoader:240 - Cannot read IP mode file for STMicroelectronics.X-CUBE-AZRTOS-H7RS.1.1.0
2025-12-08 18:23:10,773 [WARN] PackLoader:240 - Cannot read IP mode file for STMicroelectronics.X-CUBE-AZRTOS-G4.2.0.0
2025-12-08 18:23:10,792 [WARN] PackLoader:240 - Cannot read IP mode file for wolfSSL.I-CUBE-wolfSSH.1.4.20
2025-12-08 18:23:10,822 [WARN] PackLoader:240 - Cannot read IP mode file for STMicroelectronics.X-CUBE-NFC7.2.0.0
2025-12-08 18:23:10,881 [WARN] PackLoader:240 - Cannot read IP mode file for STMicroelectronics.X-CUBE-ALS.1.0.2
2025-12-08 18:23:10,955 [WARN] PackLoader:240 - Cannot read IP mode file for STMicroelectronics.X-CUBE-STSE01.1.0.0
2025-12-08 18:23:11,048 [WARN] PackLoader:240 - Cannot read IP mode file for STMicroelectronics.X-CUBE-TOF1.3.4.3
2025-12-08 18:23:11,052 [INFO] ThirdParty:978 - Integrity check success = true
2025-12-08 18:23:11,052 [INFO] IntegrityCheckThread:100 - exiting critical section [integrity check]
2025-12-08 18:23:11,052 [INFO] IntegrityCheckThread:103 - End integrity checks thread
2025-12-08 18:23:29,047 [INFO] WebApp:169 - Instantiating new browser for Auth
2025-12-08 18:23:45,982 [INFO] WebApp:463 - Apply proxy settings
2025-12-08 18:23:45,983 [INFO] WebApp:548 - Chromium requires no authentication
2025-12-08 18:23:46,103 [INFO] WebApp:491 - Direct internet connection detected
2025-12-08 18:23:46,338 [INFO] WebApp:900 - Register for checkConnection events
2025-12-08 18:23:46,339 [INFO] WebApp:463 - Apply proxy settings
2025-12-08 18:23:46,339 [INFO] WebApp:548 - Chromium requires no authentication
2025-12-08 18:23:46,339 [INFO] WebApp:491 - Direct internet connection detected
2025-12-08 18:23:46,705 [INFO] WebApp:225 - Starting web application
2025-12-08 18:23:46,706 [INFO] WebApp:593 - Web application path used /opt/st/stm32cubeide_1.19.0/plugins/com.st.stm32cube.common.mx_6.15.0.202507011659/db/plugins/mcufinder/reactClient1/index.html
2025-12-08 18:23:46,954 [INFO] WebApp:191 - Connection restablished
2025-12-08 18:23:47,607 [INFO] UserAuth:487 - Internet connection configuration mode: 1
2025-12-08 18:24:55,202 [ERROR] LogOutputStream:75 - [STDERR_REDIRECT] 
