2025-12-11 02:20:50,250 [INFO] Activator:176 - 


2025-12-11 02:20:50,252 [INFO] Activator:177 - !SESSION log4j initialized
2025-12-11 02:20:58,839 [INFO] LogOutputStream:77 - [STDOUT_REDIRECT] 
2025-12-11 02:21:04,469 [INFO] ApplicationProperties:184 - Using Application install path: /opt/st/stm32cubeide_1.19.0/plugins/com.st.stm32cube.common.mx_6.15.0.202507011659
2025-12-11 02:21:04,557 [INFO] DbMcusXml:78 - Set database path to: /opt/st/stm32cubeide_1.19.0/plugins/com.st.stm32cube.common.mx_6.15.0.202507011659//db//mcu/
2025-12-11 02:21:04,557 [INFO] ApiDb:274 - Set plugin database path to: /opt/st/stm32cubeide_1.19.0/plugins/com.st.stm32cube.common.mx_6.15.0.202507011659//db//plugins/boardmanager/
2025-12-11 02:21:04,557 [WARN] ApiDb:259 - Overriding images path with different value:  => /opt/st/stm32cubeide_1.19.0/plugins/com.st.stm32cube.common.mx_6.15.0.202507011659//db//plugins/mcufinder/images/
2025-12-11 02:21:04,733 [INFO] ApiDb:250 - Set database path to: /home/natthanicha/.stmcufinder/plugins/mcufinder//mcu/
2025-12-11 02:21:04,735 [INFO] DbMcusAds:125 - Set database path to: /home/natthanicha/.stmcufinder/plugins/mcufinder//mcu/
2025-12-11 02:21:04,737 [INFO] CrossReferenceDbSqlite:203 - Set database path to: /home/natthanicha/.stmcufinder/plugins/mcufinder//mcu/cs/
2025-12-11 02:21:04,955 [INFO] RulesReader:64 - Compatibility file has been processed (317 Rules)
2025-12-11 02:21:05,208 [INFO] DbMcusXml:78 - Set database path to: /opt/st/stm32cubeide_1.19.0/plugins/com.st.stm32cube.common.mx_6.15.0.202507011659//db//mcu/
2025-12-11 02:21:05,208 [INFO] ApiDb:274 - Set plugin database path to: /opt/st/stm32cubeide_1.19.0/plugins/com.st.stm32cube.common.mx_6.15.0.202507011659//db//plugins/boardmanager/
2025-12-11 02:21:05,208 [INFO] ApiDb:261 - Set plugin images path to: /opt/st/stm32cubeide_1.19.0/plugins/com.st.stm32cube.common.mx_6.15.0.202507011659//db//plugins/mcufinder/images/
2025-12-11 02:21:05,209 [WARN] DbFile:41 - Overriding database path with different value: /home/natthanicha/.stmcufinder/plugins/mcufinder/ => /home/natthanicha/.stmcufinder/plugins/mcufinder
2025-12-11 02:21:05,209 [INFO] ApiDb:250 - Set database path to: /home/natthanicha/.stmcufinder/plugins/mcufinder//mcu/
2025-12-11 02:21:05,209 [WARN] DbFile:41 - Overriding database path with different value: /home/natthanicha/.stmcufinder/plugins/mcufinder/ => /home/natthanicha/.stmcufinder/plugins/mcufinder
2025-12-11 02:21:05,209 [INFO] DbMcusAds:125 - Set database path to: /home/natthanicha/.stmcufinder/plugins/mcufinder//mcu/
2025-12-11 02:21:05,209 [WARN] DbFile:41 - Overriding database path with different value: /home/natthanicha/.stmcufinder/plugins/mcufinder/ => /home/natthanicha/.stmcufinder/plugins/mcufinder
2025-12-11 02:21:05,209 [WARN] DbFile:41 - Overriding database path with different value: /home/natthanicha/.stmcufinder/plugins/mcufinder/ => /home/natthanicha/.stmcufinder/plugins/mcufinder
2025-12-11 02:21:05,209 [INFO] CrossReferenceDbSqlite:203 - Set database path to: /home/natthanicha/.stmcufinder/plugins/mcufinder//mcu/cs/
2025-12-11 02:21:05,410 [INFO] MainPanel:274 - HeapMemory: 268435456
2025-12-11 02:21:05,811 [INFO] DbMcusXml:78 - Set database path to: /opt/st/stm32cubeide_1.19.0/plugins/com.st.stm32cube.common.mx_6.15.0.202507011659//db//mcu/
2025-12-11 02:21:05,811 [INFO] ApiDb:274 - Set plugin database path to: /opt/st/stm32cubeide_1.19.0/plugins/com.st.stm32cube.common.mx_6.15.0.202507011659//db//plugins/boardmanager/
2025-12-11 02:21:05,811 [INFO] ApiDb:261 - Set plugin images path to: /opt/st/stm32cubeide_1.19.0/plugins/com.st.stm32cube.common.mx_6.15.0.202507011659//db//plugins/mcufinder/images/
2025-12-11 02:21:05,811 [WARN] DbFile:41 - Overriding database path with different value: /home/natthanicha/.stmcufinder/plugins/mcufinder/ => /home/natthanicha/.stmcufinder/plugins/mcufinder
2025-12-11 02:21:05,811 [INFO] ApiDb:250 - Set database path to: /home/natthanicha/.stmcufinder/plugins/mcufinder//mcu/
2025-12-11 02:21:05,811 [WARN] DbFile:41 - Overriding database path with different value: /home/natthanicha/.stmcufinder/plugins/mcufinder/ => /home/natthanicha/.stmcufinder/plugins/mcufinder
2025-12-11 02:21:05,811 [INFO] DbMcusAds:125 - Set database path to: /home/natthanicha/.stmcufinder/plugins/mcufinder//mcu/
2025-12-11 02:21:05,811 [WARN] DbFile:41 - Overriding database path with different value: /home/natthanicha/.stmcufinder/plugins/mcufinder/ => /home/natthanicha/.stmcufinder/plugins/mcufinder
2025-12-11 02:21:05,811 [WARN] DbFile:41 - Overriding database path with different value: /home/natthanicha/.stmcufinder/plugins/mcufinder/ => /home/natthanicha/.stmcufinder/plugins/mcufinder
2025-12-11 02:21:05,811 [INFO] CrossReferenceDbSqlite:203 - Set database path to: /home/natthanicha/.stmcufinder/plugins/mcufinder//mcu/cs/
2025-12-11 02:21:05,861 [INFO] ApplicationProperties:184 - Using Application install path: /opt/st/stm32cubeide_1.19.0/plugins/com.st.stm32cube.common.mx_6.15.0.202507011659
2025-12-11 02:21:05,862 [INFO] PluginManage:196 - Search for loadable plugins [exclusion list=, ]
2025-12-11 02:21:05,863 [INFO] PluginManage:310 - Check plugin analytics
2025-12-11 02:21:06,302 [INFO] AnalyticsPlugin:253 - Accepted Software Licenses: 
2025-12-11 02:21:06,302 [INFO] AnalyticsPlugin:255 - Accepted CMSIS Pack Licenses: 
2025-12-11 02:21:06,302 [INFO] AnalyticsPlugin:257 - Accepted Firmware Licenses: FW.G4.1.6.0
2025-12-11 02:21:06,303 [INFO] PluginManage:359 - Loaded plugin analytics (category:tool,tabindex:-1)
2025-12-11 02:21:06,303 [INFO] PluginManage:310 - Check plugin cadmodel
2025-12-11 02:21:06,387 [INFO] CADModel:105 - Init CAD model plugin
2025-12-11 02:21:06,387 [INFO] PluginManage:359 - Loaded plugin cadmodel (category:power,tabindex:5)
2025-12-11 02:21:06,387 [INFO] PluginManage:310 - Check plugin clock
2025-12-11 02:21:06,503 [INFO] PluginManage:359 - Loaded plugin clock (category:base,tabindex:2)
2025-12-11 02:21:06,503 [INFO] PluginManage:310 - Check plugin ddr
2025-12-11 02:21:06,537 [INFO] PluginManage:359 - Loaded plugin ddr (category:tool,tabindex:6)
2025-12-11 02:21:06,537 [INFO] PluginManage:310 - Check plugin filemanager
2025-12-11 02:21:06,995 [INFO] PluginManage:359 - Loaded plugin filemanager (category:base,tabindex:10)
2025-12-11 02:21:06,995 [INFO] PluginManage:310 - Check plugin ipmanager
2025-12-11 02:21:07,033 [INFO] PluginManage:359 - Loaded plugin ipmanager (category:base,tabindex:5)
2025-12-11 02:21:07,033 [INFO] PluginManage:310 - Check plugin lpbam
2025-12-11 02:21:07,076 [INFO] PluginManage:359 - Loaded plugin lpbam (category:base,tabindex:0)
2025-12-11 02:21:07,076 [INFO] PluginManage:310 - Check plugin memorymap
2025-12-11 02:21:07,115 [INFO] PluginManage:359 - Loaded plugin memorymap (category:base,tabindex:4)
2025-12-11 02:21:07,115 [INFO] PluginManage:310 - Check plugin pinoutandconfiguration
2025-12-11 02:21:07,164 [INFO] PluginManage:359 - Loaded plugin pinoutandconfiguration (category:base,tabindex:1)
2025-12-11 02:21:07,164 [INFO] PluginManage:310 - Check plugin pinoutconfig
2025-12-11 02:21:07,401 [WARN] SupportedApi:132 - Cannot load RTOS API schema: s4s-elt-must-match.1: The content of 'definitions' must match (annotation?, (simpleType | complexType)?, (unique | key | keyref)*)). A problem was found starting at: attribute.
2025-12-11 02:21:07,576 [INFO] PluginManage:359 - Loaded plugin pinoutconfig (category:base,tabindex:0)
2025-12-11 02:21:07,576 [INFO] PluginManage:310 - Check plugin power
2025-12-11 02:21:07,624 [INFO] PluginManage:359 - Loaded plugin power (category:power,tabindex:4)
2025-12-11 02:21:07,625 [INFO] PluginManage:310 - Check plugin projectmanager
2025-12-11 02:21:07,653 [INFO] PluginManage:359 - Loaded plugin projectmanager (category:projectmanager,tabindex:4)
2025-12-11 02:21:07,653 [INFO] PluginManage:310 - Check plugin rif
2025-12-11 02:21:07,715 [INFO] PluginManage:359 - Loaded plugin rif (category:base,tabindex:3)
2025-12-11 02:21:07,715 [INFO] PluginManage:310 - Check plugin thirdparty
2025-12-11 02:21:07,972 [INFO] PluginManage:359 - Loaded plugin thirdparty (category:base,tabindex:-1)
2025-12-11 02:21:07,972 [INFO] PluginManage:310 - Check plugin tools
2025-12-11 02:21:07,972 [WARN] IntegrityCheckThread:84 - waiting for thirdparty lock release [integrity check]
2025-12-11 02:21:07,972 [INFO] IntegrityCheckThread:86 - entering critical section [integrity check]
2025-12-11 02:21:07,973 [INFO] ThirdPartyUpdaterWithRetryManager:70 - Updater plugin not ready yet. [1/15]
2025-12-11 02:21:07,995 [INFO] PluginManage:359 - Loaded plugin tools (category:base,tabindex:7)
2025-12-11 02:21:07,995 [INFO] PluginManage:310 - Check plugin tutovideos
2025-12-11 02:21:08,270 [INFO] PluginManage:359 - Loaded plugin tutovideos (category:base,tabindex:-1)
2025-12-11 02:21:08,271 [INFO] PluginManage:310 - Check plugin updater
2025-12-11 02:21:08,316 [INFO] PluginManage:359 - Loaded plugin updater (category:base,tabindex:12)
2025-12-11 02:21:08,316 [INFO] PluginManage:310 - Check plugin userauth
2025-12-11 02:21:08,353 [INFO] UserAuth:118 - Init User Auth plugin
2025-12-11 02:21:08,353 [INFO] PluginManage:359 - Loaded plugin userauth (category:base,tabindex:14)
2025-12-11 02:21:08,354 [INFO] PluginManage:283 - PluginManage : Loaded plugins [18]
2025-12-11 02:21:09,165 [INFO] PinOutPanel:1589 - setPackage(No Configuration,No Configuration)
2025-12-11 02:21:09,442 [INFO] CADModel:165 - CPN selected for project level
2025-12-11 02:21:09,442 [INFO] CADModel:114 - Register for checkConnection events
2025-12-11 02:21:09,554 [INFO] IPUIPlugin:80 - create IPUIPlugin
2025-12-11 02:21:09,554 [INFO] PluginManager:220 - loadIPPluginJar : add gfxmmu
2025-12-11 02:21:09,582 [INFO] IPUIPlugin:80 - create IPUIPlugin
2025-12-11 02:21:09,583 [INFO] PluginManager:220 - loadIPPluginJar : add spi
2025-12-11 02:21:09,626 [INFO] IPUIPlugin:80 - create IPUIPlugin
2025-12-11 02:21:09,626 [INFO] PluginManager:220 - loadIPPluginJar : add linkedlist
2025-12-11 02:21:09,634 [INFO] IPUIPlugin:80 - create IPUIPlugin
2025-12-11 02:21:09,634 [INFO] PluginManager:220 - loadIPPluginJar : add stm32_wpan
2025-12-11 02:21:09,655 [INFO] IPUIPlugin:80 - create IPUIPlugin
2025-12-11 02:21:09,656 [INFO] PluginManager:220 - loadIPPluginJar : add resmgrutility
2025-12-11 02:21:09,676 [INFO] IPUIPlugin:80 - create IPUIPlugin
2025-12-11 02:21:09,676 [INFO] PluginManager:220 - loadIPPluginJar : add gpio
2025-12-11 02:21:09,708 [INFO] IPUIPlugin:80 - create IPUIPlugin
2025-12-11 02:21:09,708 [INFO] PluginManager:220 - loadIPPluginJar : add ucpd
2025-12-11 02:21:09,732 [INFO] IPUIPlugin:80 - create IPUIPlugin
2025-12-11 02:21:09,733 [INFO] PluginManager:220 - loadIPPluginJar : add dma3
2025-12-11 02:21:09,744 [INFO] IPUIPlugin:80 - create IPUIPlugin
2025-12-11 02:21:09,744 [INFO] PluginManager:220 - loadIPPluginJar : add i2s
2025-12-11 02:21:09,759 [INFO] IPUIPlugin:80 - create IPUIPlugin
2025-12-11 02:21:09,759 [INFO] PluginManager:220 - loadIPPluginJar : add mdma
2025-12-11 02:21:09,760 [INFO] IPUIPlugin:80 - create IPUIPlugin
2025-12-11 02:21:09,760 [INFO] PluginManager:220 - loadIPPluginJar : add tsc
2025-12-11 02:21:09,762 [INFO] IPUIPlugin:80 - create IPUIPlugin
2025-12-11 02:21:09,762 [INFO] PluginManager:220 - loadIPPluginJar : add lorawan
2025-12-11 02:21:09,764 [INFO] IPUIPlugin:80 - create IPUIPlugin
2025-12-11 02:21:09,764 [INFO] PluginManager:220 - loadIPPluginJar : add extmemmanager
2025-12-11 02:21:09,789 [INFO] IPUIPlugin:80 - create IPUIPlugin
2025-12-11 02:21:09,789 [INFO] PluginManager:220 - loadIPPluginJar : add adc
2025-12-11 02:21:09,801 [INFO] IPUIPlugin:80 - create IPUIPlugin
2025-12-11 02:21:09,801 [INFO] PluginManager:220 - loadIPPluginJar : add radio
2025-12-11 02:21:09,832 [INFO] IPUIPlugin:80 - create IPUIPlugin
2025-12-11 02:21:09,832 [INFO] PluginManager:220 - loadIPPluginJar : add sai
2025-12-11 02:21:09,860 [INFO] IPUIPlugin:80 - create IPUIPlugin
2025-12-11 02:21:09,861 [INFO] PluginManager:220 - loadIPPluginJar : add genericplugin
2025-12-11 02:21:09,862 [INFO] IPUIPlugin:80 - create IPUIPlugin
2025-12-11 02:21:09,862 [INFO] PluginManager:220 - loadIPPluginJar : add i2c
2025-12-11 02:21:09,897 [INFO] IPUIPlugin:80 - create IPUIPlugin
2025-12-11 02:21:09,898 [INFO] PluginManager:220 - loadIPPluginJar : add ddr_ctrl_phy
2025-12-11 02:21:09,900 [INFO] IPUIPlugin:80 - create IPUIPlugin
2025-12-11 02:21:09,900 [INFO] PluginManager:220 - loadIPPluginJar : add gtzc
2025-12-11 02:21:09,922 [INFO] IPUIPlugin:80 - create IPUIPlugin
2025-12-11 02:21:09,922 [INFO] PluginManager:220 - loadIPPluginJar : add usbx
2025-12-11 02:21:09,985 [INFO] IPUIPlugin:80 - create IPUIPlugin
2025-12-11 02:21:09,985 [INFO] PluginManager:220 - loadIPPluginJar : add freertos
2025-12-11 02:21:10,013 [INFO] IPUIPlugin:80 - create IPUIPlugin
2025-12-11 02:21:10,013 [INFO] PluginManager:220 - loadIPPluginJar : add pdm2pcm
2025-12-11 02:21:10,019 [INFO] IPUIPlugin:80 - create IPUIPlugin
2025-12-11 02:21:10,019 [INFO] PluginManager:220 - loadIPPluginJar : add fatfs
2025-12-11 02:21:10,041 [INFO] IPUIPlugin:80 - create IPUIPlugin
2025-12-11 02:21:10,042 [INFO] PluginManager:220 - loadIPPluginJar : add ipddr
2025-12-11 02:21:10,061 [INFO] IPUIPlugin:80 - create IPUIPlugin
2025-12-11 02:21:10,061 [INFO] PluginManager:220 - loadIPPluginJar : add aes
2025-12-11 02:21:10,064 [INFO] IPUIPlugin:80 - create IPUIPlugin
2025-12-11 02:21:10,064 [INFO] PluginManager:220 - loadIPPluginJar : add fmc
2025-12-11 02:21:10,066 [INFO] IPUIPlugin:80 - create IPUIPlugin
2025-12-11 02:21:10,066 [INFO] PluginManager:220 - loadIPPluginJar : add i3c
2025-12-11 02:21:10,097 [INFO] IPUIPlugin:80 - create IPUIPlugin
2025-12-11 02:21:10,097 [INFO] PluginManager:220 - loadIPPluginJar : add touchsensing
2025-12-11 02:21:10,099 [INFO] IPUIPlugin:80 - create IPUIPlugin
2025-12-11 02:21:10,099 [INFO] PluginManager:220 - loadIPPluginJar : add opamp
2025-12-11 02:21:10,100 [INFO] IPUIPlugin:80 - create IPUIPlugin
2025-12-11 02:21:10,100 [INFO] PluginManager:220 - loadIPPluginJar : add tracer_emb
2025-12-11 02:21:10,131 [INFO] IPUIPlugin:80 - create IPUIPlugin
2025-12-11 02:21:10,131 [INFO] PluginManager:220 - loadIPPluginJar : add dma
2025-12-11 02:21:10,132 [INFO] IPUIPlugin:80 - create IPUIPlugin
2025-12-11 02:21:10,132 [INFO] PluginManager:220 - loadIPPluginJar : add ltdc
2025-12-11 02:21:10,133 [INFO] IPUIPlugin:80 - create IPUIPlugin
2025-12-11 02:21:10,133 [INFO] PluginManager:220 - loadIPPluginJar : add hash
2025-12-11 02:21:10,191 [INFO] IPUIPlugin:80 - create IPUIPlugin
2025-12-11 02:21:10,193 [INFO] PluginManager:220 - loadIPPluginJar : add plateformsettings
2025-12-11 02:21:10,222 [INFO] IPUIPlugin:80 - create IPUIPlugin
2025-12-11 02:21:10,223 [INFO] PluginManager:220 - loadIPPluginJar : add comp
2025-12-11 02:21:10,224 [INFO] IPUIPlugin:80 - create IPUIPlugin
2025-12-11 02:21:10,224 [INFO] PluginManager:220 - loadIPPluginJar : add can
2025-12-11 02:21:10,232 [INFO] IPUIPlugin:80 - create IPUIPlugin
2025-12-11 02:21:10,232 [INFO] PluginManager:220 - loadIPPluginJar : add dfsdm
2025-12-11 02:21:10,233 [INFO] IPUIPlugin:80 - create IPUIPlugin
2025-12-11 02:21:10,233 [INFO] PluginManager:220 - loadIPPluginJar : add usart
2025-12-11 02:21:10,251 [INFO] IPUIPlugin:80 - create IPUIPlugin
2025-12-11 02:21:10,251 [INFO] PluginManager:220 - loadIPPluginJar : add nvic
2025-12-11 02:21:10,284 [INFO] IPUIPlugin:80 - create IPUIPlugin
2025-12-11 02:21:10,285 [INFO] PluginManager:220 - loadIPPluginJar : add gic
2025-12-11 02:21:10,301 [INFO] IPUIPlugin:80 - create IPUIPlugin
2025-12-11 02:21:10,301 [INFO] PluginManager:220 - loadIPPluginJar : add quadspi
2025-12-11 02:21:10,311 [INFO] IPUIPlugin:80 - create IPUIPlugin
2025-12-11 02:21:10,311 [INFO] PluginManager:220 - loadIPPluginJar : add cryp
2025-12-11 02:21:10,351 [INFO] IPUIPlugin:80 - create IPUIPlugin
2025-12-11 02:21:10,352 [INFO] PluginManager:220 - loadIPPluginJar : add openamp
2025-12-11 02:21:10,370 [INFO] IPUIPlugin:80 - create IPUIPlugin
2025-12-11 02:21:10,370 [INFO] PluginManager:220 - loadIPPluginJar : add tim
2025-12-11 02:21:10,371 [INFO] IPUIPlugin:80 - create IPUIPlugin
2025-12-11 02:21:10,371 [INFO] PluginManager:220 - loadIPPluginJar : add ts
2025-12-11 02:21:10,539 [FATAL] Updater:351 - Updater called before beeing initialized
2025-12-11 02:21:10,591 [INFO] RulesReader:64 - Compatibility file has been processed (317 Rules)
2025-12-11 02:21:10,599 [INFO] RulesReader:64 - Compatibility file has been processed (317 Rules)
2025-12-11 02:21:10,604 [INFO] CADModel:165 - CPN selected for project level
2025-12-11 02:21:10,604 [INFO] CADModel:114 - Register for checkConnection events
2025-12-11 02:21:10,604 [FATAL] Updater:351 - Updater called before beeing initialized
2025-12-11 02:21:10,604 [ERROR] CADModel:125 - Updater not yet initialized, retry later 
2025-12-11 02:21:10,922 [FATAL] Updater:351 - Updater called before beeing initialized
2025-12-11 02:21:10,937 [INFO] CADModel:165 - CPN selected for project level
2025-12-11 02:21:10,937 [INFO] CADModel:114 - Register for checkConnection events
2025-12-11 02:21:10,937 [FATAL] Updater:351 - Updater called before beeing initialized
2025-12-11 02:21:10,937 [ERROR] CADModel:125 - Updater not yet initialized, retry later 
2025-12-11 02:21:10,940 [FATAL] Updater:351 - Updater called before beeing initialized
2025-12-11 02:21:10,973 [INFO] ThirdPartyUpdaterWithRetryManager:70 - Updater plugin not ready yet. [2/15]
2025-12-11 02:21:11,040 [FATAL] Updater:351 - Updater called before beeing initialized
2025-12-11 02:21:11,062 [INFO] DbMcusAds:53 - JSON generation date=Mon Nov 10 17:43:01 ICT 2025 (1762771381096)
2025-12-11 02:21:11,062 [FATAL] Updater:351 - Updater called before beeing initialized
2025-12-11 02:21:11,270 [WARN] DetailPanel:346 - Failed to get advertising image, set to default
2025-12-11 02:21:11,330 [FATAL] Updater:351 - Updater called before beeing initialized
2025-12-11 02:21:11,343 [FATAL] Updater:351 - Updater called before beeing initialized
2025-12-11 02:21:11,343 [FATAL] Updater:351 - Updater called before beeing initialized
2025-12-11 02:21:11,343 [WARN] DetailPanel:346 - Failed to get advertising image, set to default
2025-12-11 02:21:11,344 [FATAL] Updater:351 - Updater called before beeing initialized
2025-12-11 02:21:11,428 [ERROR] Updater:1198 - MainUpdater not yet initialized. External WinMGr cannot be set.
2025-12-11 02:21:11,440 [INFO] Updater:1134 - Updater Version found : 6.15.0
2025-12-11 02:21:11,479 [INFO] ApplicationProperties:184 - Using Application install path: /opt/st/stm32cubeide_1.19.0/plugins/com.st.stm32cube.common.mx_6.15.0.202507011659
2025-12-11 02:21:12,209 [INFO] MainUpdater:2872 - connection check result : 10
2025-12-11 02:21:12,210 [INFO] MainUpdater:289 - Updater Check For Update Now.
2025-12-11 02:21:12,210 [INFO] MicroXplorer:498 - Change Database Version : DB.6.0.150
2025-12-11 02:21:12,229 [INFO] McuFinderGlobals:63 - Set McuFinder mode to 2 (CubeIDE integrated)
2025-12-11 02:21:12,275 [INFO] UserAuth:487 - Internet connection configuration mode: 1
2025-12-11 02:21:12,525 [INFO] JxBrowserEngine:152 - Initiate JxBrowser Engine with user profile folder
2025-12-11 02:21:12,583 [INFO] CheckServerUpdateThread:120 - End of CheckServer Thread
2025-12-11 02:21:18,171 [WARN] PackLoader:240 - Cannot read IP mode file for STMicroelectronics.FP-SNS-MOTENVWB1.1.4.0
2025-12-11 02:21:18,201 [WARN] PackLoader:240 - Cannot read IP mode file for STMicroelectronics.FP-ATR-ASTRA1.2.0.2
2025-12-11 02:21:18,250 [WARN] PackLoader:240 - Cannot read IP mode file for STMicroelectronics.X-CUBE-SMBUS.2.1.0
2025-12-11 02:21:18,266 [WARN] PackLoader:240 - Cannot read IP mode file for STMicroelectronics.X-CUBE-ST60.1.0.0
2025-12-11 02:21:18,400 [WARN] PackLoader:240 - Cannot read IP mode file for STMicroelectronics.X-CUBE-AZRTOS-F7.1.1.0
2025-12-11 02:21:18,430 [WARN] PackLoader:240 - Cannot read IP mode file for Cesanta.I-CUBE-Mongoose.7.19.0
2025-12-11 02:21:18,469 [WARN] PackLoader:240 - Cannot read IP mode file for STMicroelectronics.FP-SNS-MOTENV1.5.1.0
2025-12-11 02:21:18,535 [WARN] PackLoader:240 - Cannot read IP mode file for WES.I-CUBE-Cesium.1.4.0
2025-12-11 02:21:18,650 [WARN] PackLoader:240 - Cannot read IP mode file for Infineon.AIROC-Wi-Fi-Bluetooth-STM32.1.7.1
2025-12-11 02:21:18,772 [WARN] PackLoader:240 - Cannot read IP mode file for STMicroelectronics.X-CUBE-AZRTOS-H7.3.4.0
2025-12-11 02:21:18,812 [WARN] PackLoader:240 - Cannot read IP mode file for STMicroelectronics.X-CUBE-DISPLAY.3.0.0
2025-12-11 02:21:18,911 [WARN] PackLoader:240 - Cannot read IP mode file for STMicroelectronics.X-CUBE-NFC10.1.0.0
2025-12-11 02:21:18,941 [WARN] PackLoader:240 - Cannot read IP mode file for STMicroelectronics.X-CUBE-ST60.1.1.0
2025-12-11 02:21:18,998 [WARN] PackLoader:240 - Cannot read IP mode file for emotas.I-CUBE-CANOPEN.1.3.0
2025-12-11 02:21:19,047 [WARN] PackLoader:240 - Cannot read IP mode file for STMicroelectronics.X-CUBE-GNSS1.7.1.0
2025-12-11 02:21:19,096 [WARN] PackLoader:240 - Cannot read IP mode file for STMicroelectronics.FP-SNS-STBOX1.2.1.0
2025-12-11 02:21:19,106 [WARN] PackLoader:240 - Cannot read IP mode file for STMicroelectronics.FP-SNS-SMARTAG2.1.2.0
2025-12-11 02:21:19,115 [WARN] PackLoader:240 - Cannot read IP mode file for STMicroelectronics.FP-SNS-FLIGHT1.5.1.0
2025-12-11 02:21:19,241 [INFO] LogOutputStream:77 - [STDOUT_REDIRECT] 1 : Invalid condition id : UX_CORESTACK_Condition cause : null
2025-12-11 02:21:19,241 [INFO] LogOutputStream:77 - [STDOUT_REDIRECT] 1 : Invalid condition id : UX_CORESTACK_Condition cause : null
2025-12-11 02:21:19,241 [INFO] LogOutputStream:77 - [STDOUT_REDIRECT] 1 : Invalid condition id : UX_CORESTACK_Condition cause : null
2025-12-11 02:21:19,241 [INFO] LogOutputStream:77 - [STDOUT_REDIRECT] 1 : Invalid condition id : UX_CORESTACK_Condition cause : null
2025-12-11 02:21:19,241 [INFO] LogOutputStream:77 - [STDOUT_REDIRECT] 1 : Invalid condition id : UX_CORESTACK_Condition cause : null
2025-12-11 02:21:19,243 [WARN] PackLoader:240 - Cannot read IP mode file for STMicroelectronics.X-CUBE-AZRTOS-WL.2.0.0
2025-12-11 02:21:19,340 [WARN] PackLoader:240 - Cannot read IP mode file for STMicroelectronics.FP-SNS-MOTENV1.5.0.0
2025-12-11 02:21:19,600 [WARN] PackLoader:240 - Cannot read IP mode file for STMicroelectronics.X-CUBE-AZRTOS-H7RS.1.2.0
2025-12-11 02:21:19,691 [WARN] PackLoader:240 - Cannot read IP mode file for STMicroelectronics.X-CUBE-BLE2.3.3.0
2025-12-11 02:21:19,940 [WARN] PackLoader:240 - Cannot read IP mode file for STMicroelectronics.X-CUBE-NFC9.1.0.0
2025-12-11 02:21:20,041 [WARN] PackLoader:240 - Cannot read IP mode file for wolfSSL.I-CUBE-wolfSSL.5.8.2
2025-12-11 02:21:20,143 [WARN] PackLoader:240 - Cannot read IP mode file for STMicroelectronics.X-CUBE-BLE1.7.1.0
2025-12-11 02:21:20,233 [WARN] PackLoader:240 - Cannot read IP mode file for wolfSSL.I-CUBE-wolfMQTT.1.19.2
2025-12-11 02:21:20,277 [WARN] PackLoader:240 - Cannot read IP mode file for STMicroelectronics.X-CUBE-FREERTOS.1.4.0
2025-12-11 02:21:20,337 [WARN] PackLoader:240 - Cannot read IP mode file for STMicroelectronics.X-CUBE-EEPRMA1.5.2.0
2025-12-11 02:21:20,362 [WARN] PackLoader:240 - Cannot read IP mode file for STMicroelectronics.X-CUBE-ST67W61.1.1.0
2025-12-11 02:21:20,459 [WARN] PackLoader:240 - Cannot read IP mode file for STMicroelectronics.X-CUBE-MEMS1.12.0.0
2025-12-11 02:21:20,557 [WARN] PackLoader:240 - Cannot read IP mode file for STMicroelectronics.X-CUBE-AZRTOS-G0.1.1.0
2025-12-11 02:21:20,608 [WARN] PackLoader:240 - Cannot read IP mode file for STMicroelectronics.X-CUBE-SAFEA1.1.2.2
2025-12-11 02:21:20,662 [WARN] PackLoader:240 - Cannot read IP mode file for STMicroelectronics.X-CUBE-NFC4.3.0.0
2025-12-11 02:21:20,705 [WARN] PackLoader:240 - Cannot read IP mode file for EmbeddedOffice.I-CUBE-FS-RTOS.1.0.1
2025-12-11 02:21:20,772 [WARN] PackLoader:240 - Cannot read IP mode file for STMicroelectronics.X-CUBE-WB05N.2.0.0
2025-12-11 02:21:20,808 [WARN] PackLoader:240 - Cannot read IP mode file for wolfSSL.I-CUBE-wolfTPM.3.8.0
2025-12-11 02:21:20,863 [WARN] PackLoader:240 - Cannot read IP mode file for STMicroelectronics.X-CUBE-TCPP.4.2.0
2025-12-11 02:21:20,894 [WARN] PackLoader:240 - Cannot read IP mode file for RealThread.X-CUBE-RT-Thread_Nano.4.1.1
2025-12-11 02:21:20,951 [WARN] PackLoader:240 - Cannot read IP mode file for STMicroelectronics.FP-ATR-SIGFOX1.3.2.0
2025-12-11 02:21:20,987 [WARN] PackLoader:240 - Cannot read IP mode file for ITTIA_DB.I-CUBE-ITTIADB.8.9.0
2025-12-11 02:21:21,007 [WARN] PackLoader:240 - Cannot read IP mode file for STMicroelectronics.X-CUBE-AI.10.2.0
2025-12-11 02:21:21,057 [WARN] PackLoader:240 - Cannot read IP mode file for SEGGER.I-CUBE-embOS.1.3.1
2025-12-11 02:21:21,119 [WARN] PackLoader:240 - Cannot read IP mode file for STMicroelectronics.X-CUBE-ALGOBUILD.1.4.0
2025-12-11 02:21:21,238 [WARN] PackLoader:240 - Cannot read IP mode file for STMicroelectronics.X-CUBE-MEMS1.11.3.0
2025-12-11 02:21:21,323 [WARN] PackLoader:240 - Cannot read IP mode file for STMicroelectronics.X-CUBE-PM33A1.1.0.0
2025-12-11 02:21:21,425 [WARN] PackLoader:240 - Cannot read IP mode file for STMicroelectronics.X-CUBE-AZRTOS-F4.1.1.0
2025-12-11 02:21:21,451 [WARN] PackLoader:240 - Cannot read IP mode file for STMicroelectronics.X-CUBE-ISPU.2.1.0
2025-12-11 02:21:21,514 [WARN] PackLoader:240 - Cannot read IP mode file for STMicroelectronics.X-CUBE-IPS.3.2.0
2025-12-11 02:21:21,557 [WARN] PackLoader:240 - Cannot read IP mode file for STMicroelectronics.X-CUBE-NFC12.1.0.0
2025-12-11 02:21:21,611 [WARN] PackLoader:240 - Cannot read IP mode file for STMicroelectronics.X-CUBE-AZRTOS-L5.2.0.0
2025-12-11 02:21:21,652 [WARN] PackLoader:240 - Cannot read IP mode file for STMicroelectronics.X-CUBE-NFC6.3.1.0
2025-12-11 02:21:21,699 [WARN] PackLoader:240 - Cannot read IP mode file for STMicroelectronics.X-CUBE-FREERTOS.1.3.1
2025-12-11 02:21:21,748 [WARN] PackLoader:240 - Cannot read IP mode file for STMicroelectronics.X-CUBE-TOUCHGFX.4.26.0
2025-12-11 02:21:21,779 [WARN] PackLoader:240 - Cannot read IP mode file for STMicroelectronics.FP-SNS-STAIOTCFT.1.0.0
2025-12-11 02:21:21,801 [WARN] PackLoader:240 - Cannot read IP mode file for STMicroelectronics.X-CUBE-DPower.1.3.0
2025-12-11 02:21:21,857 [WARN] ConditionMgr:438 - getConditionDescription Invalid condition id : LAN8742 Phy interface Condition cause : null
2025-12-11 02:21:21,858 [WARN] PackLoader:240 - Cannot read IP mode file for STMicroelectronics.X-CUBE-AZRTOS-L4.2.0.0
2025-12-11 02:21:21,858 [WARN] ConditionMgr:1044 - genDependencies : Invalid condition id : LAN8742 Phy interface Condition cause : null
2025-12-11 02:21:21,858 [WARN] ConditionMgr:1044 - genDependencies : Invalid condition id : LAN8742 Phy interface Condition cause : null
2025-12-11 02:21:21,858 [WARN] ConditionMgr:1044 - genDependencies : Invalid condition id : LAN8742 Phy interface Condition cause : null
2025-12-11 02:21:21,871 [WARN] PackLoader:240 - Cannot read IP mode file for STMicroelectronics.X-CUBE-SFXS2LP1.4.0.0
2025-12-11 02:21:21,929 [WARN] PackLoader:240 - Cannot read IP mode file for STMicroelectronics.X-CUBE-BLEMGR.4.1.0
2025-12-11 02:21:22,042 [WARN] ConditionMgr:438 - getConditionDescription Invalid condition id : UX DEVICE CLASS RTOS Condition cause : null
2025-12-11 02:21:22,042 [WARN] ConditionMgr:438 - getConditionDescription Invalid condition id : UX DEVICE CLASS RTOS Condition cause : null
2025-12-11 02:21:22,043 [WARN] PackLoader:240 - Cannot read IP mode file for STMicroelectronics.X-CUBE-AZRTOS-WB.2.0.0
2025-12-11 02:21:22,043 [WARN] ConditionMgr:1044 - genDependencies : Invalid condition id : UX DEVICE CLASS RTOS Condition cause : null
2025-12-11 02:21:22,043 [WARN] ConditionMgr:1044 - genDependencies : Invalid condition id : UX DEVICE CLASS RTOS Condition cause : null
2025-12-11 02:21:22,043 [WARN] ConditionMgr:1044 - genDependencies : Invalid condition id : UX DEVICE CLASS RTOS Condition cause : null
2025-12-11 02:21:22,043 [WARN] ConditionMgr:1044 - genDependencies : Invalid condition id : UX DEVICE CLASS RTOS Condition cause : null
2025-12-11 02:21:22,043 [WARN] ConditionMgr:1044 - genDependencies : Invalid condition id : UX DEVICE CLASS RTOS Condition cause : null
2025-12-11 02:21:22,093 [WARN] PackLoader:240 - Cannot read IP mode file for STMicroelectronics.X-CUBE-GNSS1.7.0.1
2025-12-11 02:21:22,154 [WARN] ConditionMgr:438 - getConditionDescription Invalid condition id : Cortex-A Device cause : null
2025-12-11 02:21:22,156 [WARN] ConditionMgr:1044 - genDependencies : Invalid condition id : Cortex-A Device cause : null
2025-12-11 02:21:22,156 [WARN] ConditionMgr:1044 - genDependencies : Invalid condition id : Cortex-A Device cause : null
2025-12-11 02:21:22,156 [WARN] ConditionMgr:1044 - genDependencies : Invalid condition id : Cortex-A Device cause : null
2025-12-11 02:21:22,226 [WARN] PackLoader:240 - Cannot read IP mode file for STMicroelectronics.X-CUBE-SUBG2.5.0.0
2025-12-11 02:21:22,358 [WARN] PackLoader:240 - Cannot read IP mode file for STMicroelectronics.X-CUBE-AZRTOS-H7RS.1.1.0
2025-12-11 02:21:22,441 [WARN] PackLoader:240 - Cannot read IP mode file for STMicroelectronics.X-CUBE-AZRTOS-G4.2.0.0
2025-12-11 02:21:22,471 [WARN] PackLoader:240 - Cannot read IP mode file for wolfSSL.I-CUBE-wolfSSH.1.4.20
2025-12-11 02:21:22,506 [WARN] PackLoader:240 - Cannot read IP mode file for STMicroelectronics.X-CUBE-NFC7.2.0.0
2025-12-11 02:21:22,541 [WARN] PackLoader:240 - Cannot read IP mode file for STMicroelectronics.X-CUBE-ALS.1.0.2
2025-12-11 02:21:22,592 [WARN] PackLoader:240 - Cannot read IP mode file for STMicroelectronics.X-CUBE-STSE01.1.0.0
2025-12-11 02:21:22,684 [WARN] PackLoader:240 - Cannot read IP mode file for STMicroelectronics.X-CUBE-TOF1.3.4.3
2025-12-11 02:21:22,687 [INFO] ThirdParty:978 - Integrity check success = true
2025-12-11 02:21:22,687 [INFO] IntegrityCheckThread:100 - exiting critical section [integrity check]
2025-12-11 02:21:22,687 [INFO] IntegrityCheckThread:103 - End integrity checks thread
2025-12-11 02:21:35,719 [INFO] WebApp:169 - Instantiating new browser for Auth
2025-12-11 02:21:39,549 [INFO] WebApp:463 - Apply proxy settings
2025-12-11 02:21:39,550 [INFO] WebApp:548 - Chromium requires no authentication
2025-12-11 02:21:39,625 [INFO] WebApp:491 - Direct internet connection detected
2025-12-11 02:21:39,837 [INFO] WebApp:900 - Register for checkConnection events
2025-12-11 02:21:39,837 [INFO] WebApp:463 - Apply proxy settings
2025-12-11 02:21:39,837 [INFO] WebApp:548 - Chromium requires no authentication
2025-12-11 02:21:39,838 [INFO] WebApp:491 - Direct internet connection detected
2025-12-11 02:21:40,375 [INFO] WebApp:191 - Connection restablished
2025-12-11 02:21:40,459 [INFO] WebApp:225 - Starting web application
2025-12-11 02:21:40,459 [INFO] WebApp:593 - Web application path used /opt/st/stm32cubeide_1.19.0/plugins/com.st.stm32cube.common.mx_6.15.0.202507011659/db/plugins/mcufinder/reactClient1/index.html
2025-12-11 02:21:41,157 [INFO] UserAuth:487 - Internet connection configuration mode: 1
2025-12-11 02:55:08,788 [ERROR] LogOutputStream:75 - [STDERR_REDIRECT] 
