../Core/Src/main.c:161:6:MIT_Controller_Update	5
../Core/Src/main.c:215:10:micros	1
../Core/Src/main.c:220:6:QEIEncoderPosVel_Update	3
../Core/Src/main.c:249:6:timer_callback	3
../Core/Src/main.c:285:6:timer_callback1	1
../Core/Src/main.c:296:6:reference_subscription_callback	1
../Core/Src/main.c:304:6:gain_subscription_callback	1
../Core/Src/main.c:312:6:rl_action_subscription_callback	1
../Core/Src/main.c:319:6:StartDefaultTask	5
../Core/Src/main.c:501:5:main	1
../Core/Src/main.c:571:6:SystemClock_Config	3
../Core/Src/main.c:626:6:HAL_TIM_PeriodElapsedCallback	3
../Core/Src/main.c:649:6:Error_Handler	1
