22:34:29 **** Incremental Build of configuration Debug for project motor_ai_control ****
make -j16 all 
docker pull microros/micro_ros_static_library_builder:humble && docker run --rm -v /home/natthanicha/FRA502_ROS2/ROS_PROJECT_WS/firmware/motor_ai_control:/project --env MICROROS_LIBRARY_FOLDER=micro_ros_stm32cubemx_utils/microros_static_library_ide microros/micro_ros_static_library_builder:humble
humble: Pulling from microros/micro_ros_static_library_builder
Digest: sha256:e291f74890e81b31eb1d70731cb79b2d767dd585269325031effc72952b24b9d
Status: Image is up to date for microros/micro_ros_static_library_builder:humble
docker.io/microros/micro_ros_static_library_builder:humble
dos2unix: converting file /project/micro_ros_stm32cubemx_utils/microros_static_library_ide/library_generation/library_generation.sh to Unix format...
micro-ROS library found. Skipping...
Delete micro_ros_stm32cubemx_utils/microros_static_library_ide/libmicroros/ for rebuild.
 
arm-none-eabi-size  motor_ai_control.elf 
   text	   data	    bss	    dec	    hex	filename
 109756	    736	  46152	 156644	  263e4	motor_ai_control.elf
Finished building: default.size.stdout
 

22:34:33 Build Finished. 0 errors, 0 warnings. (took 3s.535ms)

