15:04:23 **** Incremental Build of configuration Debug for project sensor_fusion ****
make -j16 all 
docker pull microros/micro_ros_static_library_builder:humble && docker run --rm -v /home/natthanicha/FRA502_ROS2/ROS_PROJECT_WS/firmware/sensor_fusion:/project --env MICROROS_LIBRARY_FOLDER=micro_ros_stm32cubemx_utils/microros_static_library_ide microros/micro_ros_static_library_builder:humble
humble: Pulling from microros/micro_ros_static_library_builder
Digest: sha256:e291f74890e81b31eb1d70731cb79b2d767dd585269325031effc72952b24b9d
Status: Image is up to date for microros/micro_ros_static_library_builder:humble
docker.io/microros/micro_ros_static_library_builder:humble
dos2unix: converting file /project/micro_ros_stm32cubemx_utils/microros_static_library_ide/library_generation/library_generation.sh to Unix format...
micro-ROS library found. Skipping...
Delete micro_ros_stm32cubemx_utils/microros_static_library_ide/libmicroros/ for rebuild.
 
arm-none-eabi-size  sensor_fusion.elf 
   text	   data	    bss	    dec	    hex	filename
 110992	   1988	  46184	 159164	  26dbc	sensor_fusion.elf
Finished building: default.size.stdout
 

15:04:26 Build Finished. 0 errors, 0 warnings. (took 3s.580ms)

